Archive member included to satisfy reference by file (symbol)

d:/ahl-gec-ide(4.41)/gcc/bin/../lib/gcc/arm-none-eabi/7.2.1/../../../../arm-none-eabi/lib/thumb/v7e-m/fpv4-sp/hard\libc_nano.a(lib_a-exit.o)
                              d:/ahl-gec-ide(4.41)/gcc/bin/../lib/gcc/arm-none-eabi/7.2.1/../../../../arm-none-eabi/lib/thumb/v7e-m/fpv4-sp/hard/crt0.o (exit)
d:/ahl-gec-ide(4.41)/gcc/bin/../lib/gcc/arm-none-eabi/7.2.1/../../../../arm-none-eabi/lib/thumb/v7e-m/fpv4-sp/hard\libc_nano.a(lib_a-impure.o)
                              d:/ahl-gec-ide(4.41)/gcc/bin/../lib/gcc/arm-none-eabi/7.2.1/../../../../arm-none-eabi/lib/thumb/v7e-m/fpv4-sp/hard\libc_nano.a(lib_a-exit.o) (_global_impure_ptr)
d:/ahl-gec-ide(4.41)/gcc/bin/../lib/gcc/arm-none-eabi/7.2.1/../../../../arm-none-eabi/lib/thumb/v7e-m/fpv4-sp/hard\libc_nano.a(lib_a-init.o)
                              d:/ahl-gec-ide(4.41)/gcc/bin/../lib/gcc/arm-none-eabi/7.2.1/../../../../arm-none-eabi/lib/thumb/v7e-m/fpv4-sp/hard/crt0.o (__libc_init_array)
d:/ahl-gec-ide(4.41)/gcc/bin/../lib/gcc/arm-none-eabi/7.2.1/../../../../arm-none-eabi/lib/thumb/v7e-m/fpv4-sp/hard\libc_nano.a(lib_a-memcpy-stub.o)
                              ./obj/flash.o (memcpy)
d:/ahl-gec-ide(4.41)/gcc/bin/../lib/gcc/arm-none-eabi/7.2.1/../../../../arm-none-eabi/lib/thumb/v7e-m/fpv4-sp/hard\libc_nano.a(lib_a-memset.o)
                              d:/ahl-gec-ide(4.41)/gcc/bin/../lib/gcc/arm-none-eabi/7.2.1/../../../../arm-none-eabi/lib/thumb/v7e-m/fpv4-sp/hard/crt0.o (memset)
d:/ahl-gec-ide(4.41)/gcc/bin/../lib/gcc/arm-none-eabi/7.2.1/../../../../arm-none-eabi/lib/thumb/v7e-m/fpv4-sp/hard\libc_nano.a(lib_a-strcmp.o)
                              ./obj/emuart.o (strcmp)
d:/ahl-gec-ide(4.41)/gcc/bin/../lib/gcc/arm-none-eabi/7.2.1/../../../../arm-none-eabi/lib/thumb/v7e-m/fpv4-sp/hard\libc_nano.a(lib_a-strlen.o)
                              ./obj/printf.o (strlen)
d:/ahl-gec-ide(4.41)/gcc/bin/../lib/gcc/arm-none-eabi/7.2.1/../../../../arm-none-eabi/lib/thumb/v7e-m/fpv4-sp/hard\libc_nano.a(lib_a-strncmp.o)
                              ./obj/emuart.o (strncmp)
d:/ahl-gec-ide(4.41)/gcc/bin/../lib/gcc/arm-none-eabi/7.2.1/thumb/v7e-m/fpv4-sp/hard\libgcc.a(_arm_addsubdf3.o)
                              ./obj/printf.o (__aeabi_dsub)
d:/ahl-gec-ide(4.41)/gcc/bin/../lib/gcc/arm-none-eabi/7.2.1/thumb/v7e-m/fpv4-sp/hard\libgcc.a(_arm_muldivdf3.o)
                              ./obj/printf.o (__aeabi_dmul)
d:/ahl-gec-ide(4.41)/gcc/bin/../lib/gcc/arm-none-eabi/7.2.1/thumb/v7e-m/fpv4-sp/hard\libgcc.a(_arm_cmpdf2.o)
                              ./obj/printf.o (__aeabi_dcmplt)
d:/ahl-gec-ide(4.41)/gcc/bin/../lib/gcc/arm-none-eabi/7.2.1/thumb/v7e-m/fpv4-sp/hard\libgcc.a(_arm_fixunsdfsi.o)
                              ./obj/printf.o (__aeabi_d2uiz)
d:/ahl-gec-ide(4.41)/gcc/bin/../lib/gcc/arm-none-eabi/7.2.1/thumb/v7e-m/fpv4-sp/hard\libgcc.a(_aeabi_uldivmod.o)
                              ./obj/printf.o (__aeabi_uldivmod)
d:/ahl-gec-ide(4.41)/gcc/bin/../lib/gcc/arm-none-eabi/7.2.1/thumb/v7e-m/fpv4-sp/hard\libgcc.a(_fixunsdfdi.o)
                              ./obj/printf.o (__aeabi_d2ulz)
d:/ahl-gec-ide(4.41)/gcc/bin/../lib/gcc/arm-none-eabi/7.2.1/thumb/v7e-m/fpv4-sp/hard\libgcc.a(_udivmoddi4.o)
                              d:/ahl-gec-ide(4.41)/gcc/bin/../lib/gcc/arm-none-eabi/7.2.1/thumb/v7e-m/fpv4-sp/hard\libgcc.a(_aeabi_uldivmod.o) (__udivmoddi4)
d:/ahl-gec-ide(4.41)/gcc/bin/../lib/gcc/arm-none-eabi/7.2.1/thumb/v7e-m/fpv4-sp/hard\libgcc.a(_dvmd_tls.o)
                              d:/ahl-gec-ide(4.41)/gcc/bin/../lib/gcc/arm-none-eabi/7.2.1/thumb/v7e-m/fpv4-sp/hard\libgcc.a(_aeabi_uldivmod.o) (__aeabi_ldiv0)
d:/ahl-gec-ide(4.41)/gcc/bin/../lib/gcc/arm-none-eabi/7.2.1/../../../../arm-none-eabi/lib/thumb/v7e-m/fpv4-sp/hard\libnosys.a(_exit.o)
                              d:/ahl-gec-ide(4.41)/gcc/bin/../lib/gcc/arm-none-eabi/7.2.1/../../../../arm-none-eabi/lib/thumb/v7e-m/fpv4-sp/hard\libc_nano.a(lib_a-exit.o) (_exit)

Allocating common symbols
Common symbol       size              file

gcReccrc32          0x4               ./obj/main.o
gTime               0x3               ./obj/main.o
component_fun       0x4               ./obj/main.o
gcRecvLen           0x2               ./obj/main.o
gcRecvDCLen         0x2               ./obj/main.o
gcRecvBuf           0x800             ./obj/main.o

Discarded input sections

 .text          0x00000000        0x0 d:/ahl-gec-ide(4.41)/gcc/bin/../lib/gcc/arm-none-eabi/7.2.1/thumb/v7e-m/fpv4-sp/hard/crti.o
 .data          0x00000000        0x0 d:/ahl-gec-ide(4.41)/gcc/bin/../lib/gcc/arm-none-eabi/7.2.1/thumb/v7e-m/fpv4-sp/hard/crti.o
 .bss           0x00000000        0x0 d:/ahl-gec-ide(4.41)/gcc/bin/../lib/gcc/arm-none-eabi/7.2.1/thumb/v7e-m/fpv4-sp/hard/crti.o
 .data          0x00000000        0x4 d:/ahl-gec-ide(4.41)/gcc/bin/../lib/gcc/arm-none-eabi/7.2.1/thumb/v7e-m/fpv4-sp/hard/crtbegin.o
 .text          0x00000000       0x74 d:/ahl-gec-ide(4.41)/gcc/bin/../lib/gcc/arm-none-eabi/7.2.1/../../../../arm-none-eabi/lib/thumb/v7e-m/fpv4-sp/hard/crt0.o
 .data          0x00000000        0x0 d:/ahl-gec-ide(4.41)/gcc/bin/../lib/gcc/arm-none-eabi/7.2.1/../../../../arm-none-eabi/lib/thumb/v7e-m/fpv4-sp/hard/crt0.o
 .bss           0x00000000        0x0 d:/ahl-gec-ide(4.41)/gcc/bin/../lib/gcc/arm-none-eabi/7.2.1/../../../../arm-none-eabi/lib/thumb/v7e-m/fpv4-sp/hard/crt0.o
 .ARM.extab     0x00000000        0x0 d:/ahl-gec-ide(4.41)/gcc/bin/../lib/gcc/arm-none-eabi/7.2.1/../../../../arm-none-eabi/lib/thumb/v7e-m/fpv4-sp/hard/crt0.o
 .ARM.exidx     0x00000000        0x8 d:/ahl-gec-ide(4.41)/gcc/bin/../lib/gcc/arm-none-eabi/7.2.1/../../../../arm-none-eabi/lib/thumb/v7e-m/fpv4-sp/hard/crt0.o
 .ARM.attributes
                0x00000000       0x20 d:/ahl-gec-ide(4.41)/gcc/bin/../lib/gcc/arm-none-eabi/7.2.1/../../../../arm-none-eabi/lib/thumb/v7e-m/fpv4-sp/hard/crt0.o
 .group         0x00000000        0xc ./obj/emuart.o
 .group         0x00000000        0xc ./obj/emuart.o
 .group         0x00000000        0xc ./obj/emuart.o
 .group         0x00000000        0xc ./obj/emuart.o
 .group         0x00000000        0xc ./obj/emuart.o
 .group         0x00000000        0xc ./obj/emuart.o
 .group         0x00000000        0xc ./obj/emuart.o
 .group         0x00000000        0xc ./obj/emuart.o
 .group         0x00000000        0xc ./obj/emuart.o
 .group         0x00000000        0xc ./obj/emuart.o
 .group         0x00000000        0xc ./obj/emuart.o
 .group         0x00000000        0xc ./obj/emuart.o
 .group         0x00000000        0xc ./obj/emuart.o
 .group         0x00000000        0xc ./obj/emuart.o
 .group         0x00000000        0xc ./obj/emuart.o
 .group         0x00000000        0xc ./obj/emuart.o
 .group         0x00000000        0xc ./obj/emuart.o
 .group         0x00000000        0xc ./obj/emuart.o
 .group         0x00000000        0xc ./obj/emuart.o
 .group         0x00000000        0xc ./obj/emuart.o
 .group         0x00000000        0xc ./obj/emuart.o
 .group         0x00000000        0xc ./obj/emuart.o
 .group         0x00000000        0xc ./obj/emuart.o
 .group         0x00000000        0xc ./obj/emuart.o
 .group         0x00000000        0xc ./obj/emuart.o
 .group         0x00000000        0xc ./obj/emuart.o
 .group         0x00000000        0xc ./obj/emuart.o
 .group         0x00000000        0xc ./obj/emuart.o
 .group         0x00000000        0xc ./obj/emuart.o
 .group         0x00000000        0xc ./obj/emuart.o
 .group         0x00000000        0xc ./obj/emuart.o
 .group         0x00000000        0xc ./obj/emuart.o
 .group         0x00000000        0xc ./obj/emuart.o
 .text          0x00000000        0x0 ./obj/emuart.o
 .data          0x00000000        0x0 ./obj/emuart.o
 .bss           0x00000000        0x0 ./obj/emuart.o
 .text.emuart_init
                0x00000000       0x18 ./obj/emuart.o
 .text.crc16    0x00000000       0x3e ./obj/emuart.o
 .text.sendFrame
                0x00000000       0x64 ./obj/emuart.o
 .text.emuart_send1
                0x00000000       0x16 ./obj/emuart.o
 .text.emuart_sendN
                0x00000000        0x8 ./obj/emuart.o
 .text.emuart_send_string
                0x00000000       0x18 ./obj/emuart.o
 .text.emuart_frame
                0x00000000      0x19c ./obj/emuart.o
 .text.useremuart_frame
                0x00000000      0x1c0 ./obj/emuart.o
 .bss.UART_NO   0x00000000        0x1 ./obj/emuart.o
 .data.index.7363
                0x00000000        0x2 ./obj/emuart.o
 .data.index.7378
                0x00000000        0x2 ./obj/emuart.o
 .data.length.7364
                0x00000000        0x2 ./obj/emuart.o
 .data.length.7379
                0x00000000        0x2 ./obj/emuart.o
 .data.markPos.7365
                0x00000000        0x1 ./obj/emuart.o
 .data.markPos.7380
                0x00000000        0x1 ./obj/emuart.o
 .rodata.emuartTerminStr1
                0x00000000        0x6 ./obj/emuart.o
 .rodata.emuartTerminStr2
                0x00000000        0x8 ./obj/emuart.o
 .rodata.emuart_frame.str1.4
                0x00000000       0x2f ./obj/emuart.o
 .debug_info    0x00000000      0xf30 ./obj/emuart.o
 .debug_abbrev  0x00000000      0x2c1 ./obj/emuart.o
 .debug_loc     0x00000000      0x4af ./obj/emuart.o
 .debug_aranges
                0x00000000       0x58 ./obj/emuart.o
 .debug_ranges  0x00000000       0x48 ./obj/emuart.o
 .debug_macro   0x00000000      0x1db ./obj/emuart.o
 .debug_macro   0x00000000      0xa5a ./obj/emuart.o
 .debug_macro   0x00000000       0x22 ./obj/emuart.o
 .debug_macro   0x00000000       0x40 ./obj/emuart.o
 .debug_macro   0x00000000       0x17 ./obj/emuart.o
 .debug_macro   0x00000000       0x8d ./obj/emuart.o
 .debug_macro   0x00000000       0x3c ./obj/emuart.o
 .debug_macro   0x00000000       0x9c ./obj/emuart.o
 .debug_macro   0x00000000      0x174 ./obj/emuart.o
 .debug_macro   0x00000000       0x57 ./obj/emuart.o
 .debug_macro   0x00000000       0x52 ./obj/emuart.o
 .debug_macro   0x00000000       0x1f ./obj/emuart.o
 .debug_macro   0x00000000       0x43 ./obj/emuart.o
 .debug_macro   0x00000000       0x20 ./obj/emuart.o
 .debug_macro   0x00000000      0x1a3 ./obj/emuart.o
 .debug_macro   0x00000000      0x330 ./obj/emuart.o
 .debug_macro   0x00000000       0x10 ./obj/emuart.o
 .debug_macro   0x00000000       0x35 ./obj/emuart.o
 .debug_macro   0x00000000       0x2e ./obj/emuart.o
 .debug_macro   0x00000000       0x28 ./obj/emuart.o
 .debug_macro   0x00000000       0xef ./obj/emuart.o
 .debug_macro   0x00000000       0x6a ./obj/emuart.o
 .debug_macro   0x00000000      0x1df ./obj/emuart.o
 .debug_macro   0x00000000       0x1c ./obj/emuart.o
 .debug_macro   0x00000000       0x22 ./obj/emuart.o
 .debug_macro   0x00000000       0xd2 ./obj/emuart.o
 .debug_macro   0x00000000     0x1011 ./obj/emuart.o
 .debug_macro   0x00000000      0x11f ./obj/emuart.o
 .debug_macro   0x00000000    0x150d6 ./obj/emuart.o
 .debug_macro   0x00000000       0x43 ./obj/emuart.o
 .debug_macro   0x00000000       0x34 ./obj/emuart.o
 .debug_macro   0x00000000       0x58 ./obj/emuart.o
 .debug_macro   0x00000000       0x28 ./obj/emuart.o
 .debug_macro   0x00000000       0x34 ./obj/emuart.o
 .debug_line    0x00000000      0x73c ./obj/emuart.o
 .debug_str     0x00000000    0x821c6 ./obj/emuart.o
 .comment       0x00000000       0x7f ./obj/emuart.o
 .debug_frame   0x00000000       0xfc ./obj/emuart.o
 .ARM.attributes
                0x00000000       0x39 ./obj/emuart.o
 .group         0x00000000        0xc ./obj/timer.o
 .group         0x00000000        0xc ./obj/timer.o
 .group         0x00000000        0xc ./obj/timer.o
 .group         0x00000000        0xc ./obj/timer.o
 .group         0x00000000        0xc ./obj/timer.o
 .group         0x00000000        0xc ./obj/timer.o
 .group         0x00000000        0xc ./obj/timer.o
 .group         0x00000000        0xc ./obj/timer.o
 .group         0x00000000        0xc ./obj/timer.o
 .group         0x00000000        0xc ./obj/timer.o
 .group         0x00000000        0xc ./obj/timer.o
 .group         0x00000000        0xc ./obj/timer.o
 .group         0x00000000        0xc ./obj/timer.o
 .group         0x00000000        0xc ./obj/timer.o
 .group         0x00000000        0xc ./obj/timer.o
 .group         0x00000000        0xc ./obj/timer.o
 .group         0x00000000        0xc ./obj/timer.o
 .group         0x00000000        0xc ./obj/timer.o
 .group         0x00000000        0xc ./obj/timer.o
 .group         0x00000000        0xc ./obj/timer.o
 .group         0x00000000        0xc ./obj/timer.o
 .group         0x00000000        0xc ./obj/timer.o
 .group         0x00000000        0xc ./obj/timer.o
 .group         0x00000000        0xc ./obj/timer.o
 .group         0x00000000        0xc ./obj/timer.o
 .group         0x00000000        0xc ./obj/timer.o
 .group         0x00000000        0xc ./obj/timer.o
 .group         0x00000000        0xc ./obj/timer.o
 .group         0x00000000        0xc ./obj/timer.o
 .group         0x00000000        0xc ./obj/timer.o
 .group         0x00000000        0xc ./obj/timer.o
 .group         0x00000000        0xc ./obj/timer.o
 .text          0x00000000        0x0 ./obj/timer.o
 .data          0x00000000        0x0 ./obj/timer.o
 .bss           0x00000000        0x0 ./obj/timer.o
 .text.timer_disable_int
                0x00000000       0xe8 ./obj/timer.o
 .debug_macro   0x00000000      0xa5a ./obj/timer.o
 .debug_macro   0x00000000       0x22 ./obj/timer.o
 .debug_macro   0x00000000       0x40 ./obj/timer.o
 .debug_macro   0x00000000       0x17 ./obj/timer.o
 .debug_macro   0x00000000       0x8d ./obj/timer.o
 .debug_macro   0x00000000       0x3c ./obj/timer.o
 .debug_macro   0x00000000       0x9c ./obj/timer.o
 .debug_macro   0x00000000      0x174 ./obj/timer.o
 .debug_macro   0x00000000       0x57 ./obj/timer.o
 .debug_macro   0x00000000       0x52 ./obj/timer.o
 .debug_macro   0x00000000       0x1f ./obj/timer.o
 .debug_macro   0x00000000       0x43 ./obj/timer.o
 .debug_macro   0x00000000       0x20 ./obj/timer.o
 .debug_macro   0x00000000      0x1a3 ./obj/timer.o
 .debug_macro   0x00000000      0x330 ./obj/timer.o
 .debug_macro   0x00000000       0x10 ./obj/timer.o
 .debug_macro   0x00000000       0x35 ./obj/timer.o
 .debug_macro   0x00000000       0x2e ./obj/timer.o
 .debug_macro   0x00000000       0x28 ./obj/timer.o
 .debug_macro   0x00000000       0xef ./obj/timer.o
 .debug_macro   0x00000000       0x6a ./obj/timer.o
 .debug_macro   0x00000000      0x1df ./obj/timer.o
 .debug_macro   0x00000000       0x1c ./obj/timer.o
 .debug_macro   0x00000000       0x22 ./obj/timer.o
 .debug_macro   0x00000000       0xd2 ./obj/timer.o
 .debug_macro   0x00000000     0x1011 ./obj/timer.o
 .debug_macro   0x00000000      0x11f ./obj/timer.o
 .debug_macro   0x00000000    0x150d6 ./obj/timer.o
 .debug_macro   0x00000000       0x43 ./obj/timer.o
 .debug_macro   0x00000000       0x34 ./obj/timer.o
 .debug_macro   0x00000000       0x58 ./obj/timer.o
 .group         0x00000000        0xc ./obj/system_stm32l4xx.o
 .group         0x00000000        0xc ./obj/system_stm32l4xx.o
 .group         0x00000000        0xc ./obj/system_stm32l4xx.o
 .group         0x00000000        0xc ./obj/system_stm32l4xx.o
 .group         0x00000000        0xc ./obj/system_stm32l4xx.o
 .group         0x00000000        0xc ./obj/system_stm32l4xx.o
 .group         0x00000000        0xc ./obj/system_stm32l4xx.o
 .group         0x00000000        0xc ./obj/system_stm32l4xx.o
 .group         0x00000000        0xc ./obj/system_stm32l4xx.o
 .group         0x00000000        0xc ./obj/system_stm32l4xx.o
 .group         0x00000000        0xc ./obj/system_stm32l4xx.o
 .group         0x00000000        0xc ./obj/system_stm32l4xx.o
 .group         0x00000000        0xc ./obj/system_stm32l4xx.o
 .group         0x00000000        0xc ./obj/system_stm32l4xx.o
 .group         0x00000000        0xc ./obj/system_stm32l4xx.o
 .group         0x00000000        0xc ./obj/system_stm32l4xx.o
 .text          0x00000000        0x0 ./obj/system_stm32l4xx.o
 .data          0x00000000        0x0 ./obj/system_stm32l4xx.o
 .bss           0x00000000        0x0 ./obj/system_stm32l4xx.o
 .text.SystemCoreClockUpdate
                0x00000000       0xd8 ./obj/system_stm32l4xx.o
 .rodata.AHBPrescTable
                0x00000000       0x10 ./obj/system_stm32l4xx.o
 .rodata.APBPrescTable
                0x00000000        0x8 ./obj/system_stm32l4xx.o
 .rodata.MSIRangeTable
                0x00000000       0x30 ./obj/system_stm32l4xx.o
 .debug_macro   0x00000000      0xa5a ./obj/system_stm32l4xx.o
 .debug_macro   0x00000000       0x2e ./obj/system_stm32l4xx.o
 .debug_macro   0x00000000       0x28 ./obj/system_stm32l4xx.o
 .debug_macro   0x00000000       0x22 ./obj/system_stm32l4xx.o
 .debug_macro   0x00000000       0xef ./obj/system_stm32l4xx.o
 .debug_macro   0x00000000       0x6a ./obj/system_stm32l4xx.o
 .debug_macro   0x00000000      0x1df ./obj/system_stm32l4xx.o
 .debug_macro   0x00000000       0x1c ./obj/system_stm32l4xx.o
 .debug_macro   0x00000000       0x22 ./obj/system_stm32l4xx.o
 .debug_macro   0x00000000     0x1011 ./obj/system_stm32l4xx.o
 .debug_macro   0x00000000      0x11f ./obj/system_stm32l4xx.o
 .debug_macro   0x00000000    0x150d6 ./obj/system_stm32l4xx.o
 .debug_macro   0x00000000       0x43 ./obj/system_stm32l4xx.o
 .group         0x00000000        0xc ./obj/main.o
 .group         0x00000000        0xc ./obj/main.o
 .group         0x00000000        0xc ./obj/main.o
 .group         0x00000000        0xc ./obj/main.o
 .group         0x00000000        0xc ./obj/main.o
 .group         0x00000000        0xc ./obj/main.o
 .group         0x00000000        0xc ./obj/main.o
 .group         0x00000000        0xc ./obj/main.o
 .group         0x00000000        0xc ./obj/main.o
 .group         0x00000000        0xc ./obj/main.o
 .group         0x00000000        0xc ./obj/main.o
 .group         0x00000000        0xc ./obj/main.o
 .group         0x00000000        0xc ./obj/main.o
 .group         0x00000000        0xc ./obj/main.o
 .group         0x00000000        0xc ./obj/main.o
 .group         0x00000000        0xc ./obj/main.o
 .group         0x00000000        0xc ./obj/main.o
 .group         0x00000000        0xc ./obj/main.o
 .group         0x00000000        0xc ./obj/main.o
 .group         0x00000000        0xc ./obj/main.o
 .group         0x00000000        0xc ./obj/main.o
 .group         0x00000000        0xc ./obj/main.o
 .group         0x00000000        0xc ./obj/main.o
 .group         0x00000000        0xc ./obj/main.o
 .group         0x00000000        0xc ./obj/main.o
 .group         0x00000000        0xc ./obj/main.o
 .group         0x00000000        0xc ./obj/main.o
 .group         0x00000000        0xc ./obj/main.o
 .group         0x00000000        0xc ./obj/main.o
 .group         0x00000000        0xc ./obj/main.o
 .group         0x00000000        0xc ./obj/main.o
 .group         0x00000000        0xc ./obj/main.o
 .group         0x00000000        0xc ./obj/main.o
 .group         0x00000000        0xc ./obj/main.o
 .group         0x00000000        0xc ./obj/main.o
 .group         0x00000000        0xc ./obj/main.o
 .group         0x00000000        0xc ./obj/main.o
 .group         0x00000000        0xc ./obj/main.o
 .group         0x00000000        0xc ./obj/main.o
 .text          0x00000000        0x0 ./obj/main.o
 .data          0x00000000        0x0 ./obj/main.o
 .bss           0x00000000        0x0 ./obj/main.o
 .debug_macro   0x00000000      0xa5a ./obj/main.o
 .debug_macro   0x00000000       0x2e ./obj/main.o
 .debug_macro   0x00000000       0x28 ./obj/main.o
 .debug_macro   0x00000000       0x22 ./obj/main.o
 .debug_macro   0x00000000       0x87 ./obj/main.o
 .debug_macro   0x00000000       0x51 ./obj/main.o
 .debug_macro   0x00000000       0xef ./obj/main.o
 .debug_macro   0x00000000       0x6a ./obj/main.o
 .debug_macro   0x00000000      0x1df ./obj/main.o
 .debug_macro   0x00000000       0x1c ./obj/main.o
 .debug_macro   0x00000000       0x22 ./obj/main.o
 .debug_macro   0x00000000       0xd8 ./obj/main.o
 .debug_macro   0x00000000     0x1011 ./obj/main.o
 .debug_macro   0x00000000      0x11f ./obj/main.o
 .debug_macro   0x00000000    0x150d6 ./obj/main.o
 .debug_macro   0x00000000       0x43 ./obj/main.o
 .debug_macro   0x00000000       0x34 ./obj/main.o
 .debug_macro   0x00000000       0x58 ./obj/main.o
 .debug_macro   0x00000000       0x17 ./obj/main.o
 .debug_macro   0x00000000       0x3c ./obj/main.o
 .debug_macro   0x00000000       0x9c ./obj/main.o
 .debug_macro   0x00000000      0x174 ./obj/main.o
 .debug_macro   0x00000000       0x52 ./obj/main.o
 .debug_macro   0x00000000       0x1f ./obj/main.o
 .debug_macro   0x00000000       0x43 ./obj/main.o
 .debug_macro   0x00000000       0x20 ./obj/main.o
 .debug_macro   0x00000000      0x1a3 ./obj/main.o
 .debug_macro   0x00000000       0x10 ./obj/main.o
 .debug_macro   0x00000000       0x35 ./obj/main.o
 .debug_macro   0x00000000       0x28 ./obj/main.o
 .group         0x00000000        0xc ./obj/flash.o
 .group         0x00000000        0xc ./obj/flash.o
 .group         0x00000000        0xc ./obj/flash.o
 .group         0x00000000        0xc ./obj/flash.o
 .group         0x00000000        0xc ./obj/flash.o
 .group         0x00000000        0xc ./obj/flash.o
 .group         0x00000000        0xc ./obj/flash.o
 .group         0x00000000        0xc ./obj/flash.o
 .group         0x00000000        0xc ./obj/flash.o
 .group         0x00000000        0xc ./obj/flash.o
 .group         0x00000000        0xc ./obj/flash.o
 .group         0x00000000        0xc ./obj/flash.o
 .group         0x00000000        0xc ./obj/flash.o
 .group         0x00000000        0xc ./obj/flash.o
 .group         0x00000000        0xc ./obj/flash.o
 .group         0x00000000        0xc ./obj/flash.o
 .group         0x00000000        0xc ./obj/flash.o
 .group         0x00000000        0xc ./obj/flash.o
 .group         0x00000000        0xc ./obj/flash.o
 .group         0x00000000        0xc ./obj/flash.o
 .group         0x00000000        0xc ./obj/flash.o
 .group         0x00000000        0xc ./obj/flash.o
 .group         0x00000000        0xc ./obj/flash.o
 .group         0x00000000        0xc ./obj/flash.o
 .group         0x00000000        0xc ./obj/flash.o
 .group         0x00000000        0xc ./obj/flash.o
 .group         0x00000000        0xc ./obj/flash.o
 .group         0x00000000        0xc ./obj/flash.o
 .group         0x00000000        0xc ./obj/flash.o
 .group         0x00000000        0xc ./obj/flash.o
 .group         0x00000000        0xc ./obj/flash.o
 .group         0x00000000        0xc ./obj/flash.o
 .text          0x00000000        0x0 ./obj/flash.o
 .data          0x00000000        0x0 ./obj/flash.o
 .bss           0x00000000        0x0 ./obj/flash.o
 .text.flash_init
                0x00000000       0x44 ./obj/flash.o
 .text.flash_read_logic
                0x00000000       0x12 ./obj/flash.o
 .text.flash_protect
                0x00000000       0x20 ./obj/flash.o
 .text.flash_unprotect
                0x00000000       0x14 ./obj/flash.o
 .text.flash_isSectorProtected
                0x00000000        0x4 ./obj/flash.o
 .text.flash_write
                0x00000000      0x1e0 ./obj/flash.o
 .debug_macro   0x00000000      0xa5a ./obj/flash.o
 .debug_macro   0x00000000       0x2e ./obj/flash.o
 .debug_macro   0x00000000       0x28 ./obj/flash.o
 .debug_macro   0x00000000       0x22 ./obj/flash.o
 .debug_macro   0x00000000       0x87 ./obj/flash.o
 .debug_macro   0x00000000       0x51 ./obj/flash.o
 .debug_macro   0x00000000       0xef ./obj/flash.o
 .debug_macro   0x00000000       0x6a ./obj/flash.o
 .debug_macro   0x00000000      0x1df ./obj/flash.o
 .debug_macro   0x00000000       0x1c ./obj/flash.o
 .debug_macro   0x00000000       0x22 ./obj/flash.o
 .debug_macro   0x00000000       0xd8 ./obj/flash.o
 .debug_macro   0x00000000     0x1011 ./obj/flash.o
 .debug_macro   0x00000000      0x11f ./obj/flash.o
 .debug_macro   0x00000000    0x150d6 ./obj/flash.o
 .debug_macro   0x00000000       0x43 ./obj/flash.o
 .debug_macro   0x00000000       0x34 ./obj/flash.o
 .debug_macro   0x00000000       0x58 ./obj/flash.o
 .debug_macro   0x00000000       0x46 ./obj/flash.o
 .debug_macro   0x00000000       0x17 ./obj/flash.o
 .debug_macro   0x00000000       0x3c ./obj/flash.o
 .debug_macro   0x00000000       0x9c ./obj/flash.o
 .debug_macro   0x00000000      0x174 ./obj/flash.o
 .debug_macro   0x00000000       0x52 ./obj/flash.o
 .debug_macro   0x00000000       0x1f ./obj/flash.o
 .debug_macro   0x00000000       0x43 ./obj/flash.o
 .debug_macro   0x00000000       0x20 ./obj/flash.o
 .debug_macro   0x00000000      0x1a3 ./obj/flash.o
 .debug_macro   0x00000000      0x32a ./obj/flash.o
 .debug_macro   0x00000000       0x10 ./obj/flash.o
 .debug_macro   0x00000000       0x35 ./obj/flash.o
 .group         0x00000000        0xc ./obj/gpio.o
 .group         0x00000000        0xc ./obj/gpio.o
 .group         0x00000000        0xc ./obj/gpio.o
 .group         0x00000000        0xc ./obj/gpio.o
 .group         0x00000000        0xc ./obj/gpio.o
 .group         0x00000000        0xc ./obj/gpio.o
 .group         0x00000000        0xc ./obj/gpio.o
 .group         0x00000000        0xc ./obj/gpio.o
 .group         0x00000000        0xc ./obj/gpio.o
 .group         0x00000000        0xc ./obj/gpio.o
 .group         0x00000000        0xc ./obj/gpio.o
 .group         0x00000000        0xc ./obj/gpio.o
 .group         0x00000000        0xc ./obj/gpio.o
 .group         0x00000000        0xc ./obj/gpio.o
 .group         0x00000000        0xc ./obj/gpio.o
 .group         0x00000000        0xc ./obj/gpio.o
 .group         0x00000000        0xc ./obj/gpio.o
 .group         0x00000000        0xc ./obj/gpio.o
 .group         0x00000000        0xc ./obj/gpio.o
 .group         0x00000000        0xc ./obj/gpio.o
 .group         0x00000000        0xc ./obj/gpio.o
 .group         0x00000000        0xc ./obj/gpio.o
 .group         0x00000000        0xc ./obj/gpio.o
 .group         0x00000000        0xc ./obj/gpio.o
 .group         0x00000000        0xc ./obj/gpio.o
 .group         0x00000000        0xc ./obj/gpio.o
 .group         0x00000000        0xc ./obj/gpio.o
 .group         0x00000000        0xc ./obj/gpio.o
 .group         0x00000000        0xc ./obj/gpio.o
 .group         0x00000000        0xc ./obj/gpio.o
 .group         0x00000000        0xc ./obj/gpio.o
 .group         0x00000000        0xc ./obj/gpio.o
 .text          0x00000000        0x0 ./obj/gpio.o
 .data          0x00000000        0x0 ./obj/gpio.o
 .bss           0x00000000        0x0 ./obj/gpio.o
 .text.gpio_clear_allint
                0x00000000       0x14 ./obj/gpio.o
 .text.gpio_get
                0x00000000       0x68 ./obj/gpio.o
 .text.gpio_reverse
                0x00000000       0x48 ./obj/gpio.o
 .text.gpio_pull
                0x00000000       0x5c ./obj/gpio.o
 .text.gpio_enable_int
                0x00000000       0xfc ./obj/gpio.o
 .text.gpio_disable_int
                0x00000000       0xf0 ./obj/gpio.o
 .text.gpio_drive_strength
                0x00000000       0x40 ./obj/gpio.o
 .text.gpio_get_int
                0x00000000       0x30 ./obj/gpio.o
 .text.gpio_clear_int
                0x00000000       0x2c ./obj/gpio.o
 .data.table_irq_exti
                0x00000000        0x7 ./obj/gpio.o
 .debug_macro   0x00000000      0xa5a ./obj/gpio.o
 .debug_macro   0x00000000       0x2e ./obj/gpio.o
 .debug_macro   0x00000000       0x28 ./obj/gpio.o
 .debug_macro   0x00000000       0x22 ./obj/gpio.o
 .debug_macro   0x00000000       0x87 ./obj/gpio.o
 .debug_macro   0x00000000       0x51 ./obj/gpio.o
 .debug_macro   0x00000000       0xef ./obj/gpio.o
 .debug_macro   0x00000000       0x6a ./obj/gpio.o
 .debug_macro   0x00000000      0x1df ./obj/gpio.o
 .debug_macro   0x00000000       0x1c ./obj/gpio.o
 .debug_macro   0x00000000       0x22 ./obj/gpio.o
 .debug_macro   0x00000000       0xd8 ./obj/gpio.o
 .debug_macro   0x00000000     0x1011 ./obj/gpio.o
 .debug_macro   0x00000000      0x11f ./obj/gpio.o
 .debug_macro   0x00000000    0x150d6 ./obj/gpio.o
 .debug_macro   0x00000000       0x43 ./obj/gpio.o
 .debug_macro   0x00000000       0x34 ./obj/gpio.o
 .debug_macro   0x00000000       0x58 ./obj/gpio.o
 .debug_macro   0x00000000       0x46 ./obj/gpio.o
 .debug_macro   0x00000000       0x17 ./obj/gpio.o
 .debug_macro   0x00000000       0x3c ./obj/gpio.o
 .debug_macro   0x00000000       0x9c ./obj/gpio.o
 .debug_macro   0x00000000      0x174 ./obj/gpio.o
 .debug_macro   0x00000000       0x52 ./obj/gpio.o
 .debug_macro   0x00000000       0x1f ./obj/gpio.o
 .debug_macro   0x00000000       0x43 ./obj/gpio.o
 .debug_macro   0x00000000       0x20 ./obj/gpio.o
 .debug_macro   0x00000000      0x1a3 ./obj/gpio.o
 .debug_macro   0x00000000      0x32a ./obj/gpio.o
 .debug_macro   0x00000000       0x10 ./obj/gpio.o
 .debug_macro   0x00000000       0x35 ./obj/gpio.o
 .group         0x00000000        0xc ./obj/wdog.o
 .group         0x00000000        0xc ./obj/wdog.o
 .group         0x00000000        0xc ./obj/wdog.o
 .group         0x00000000        0xc ./obj/wdog.o
 .group         0x00000000        0xc ./obj/wdog.o
 .group         0x00000000        0xc ./obj/wdog.o
 .group         0x00000000        0xc ./obj/wdog.o
 .group         0x00000000        0xc ./obj/wdog.o
 .group         0x00000000        0xc ./obj/wdog.o
 .group         0x00000000        0xc ./obj/wdog.o
 .group         0x00000000        0xc ./obj/wdog.o
 .group         0x00000000        0xc ./obj/wdog.o
 .group         0x00000000        0xc ./obj/wdog.o
 .group         0x00000000        0xc ./obj/wdog.o
 .group         0x00000000        0xc ./obj/wdog.o
 .group         0x00000000        0xc ./obj/wdog.o
 .group         0x00000000        0xc ./obj/wdog.o
 .group         0x00000000        0xc ./obj/wdog.o
 .group         0x00000000        0xc ./obj/wdog.o
 .group         0x00000000        0xc ./obj/wdog.o
 .text          0x00000000        0x0 ./obj/wdog.o
 .data          0x00000000        0x0 ./obj/wdog.o
 .bss           0x00000000        0x0 ./obj/wdog.o
 .text.wdog_start
                0x00000000       0x20 ./obj/wdog.o
 .text.wdog_feed
                0x00000000       0x10 ./obj/wdog.o
 .debug_macro   0x00000000      0xa5a ./obj/wdog.o
 .debug_macro   0x00000000       0x2e ./obj/wdog.o
 .debug_macro   0x00000000       0x28 ./obj/wdog.o
 .debug_macro   0x00000000       0x22 ./obj/wdog.o
 .debug_macro   0x00000000       0x87 ./obj/wdog.o
 .debug_macro   0x00000000       0x51 ./obj/wdog.o
 .debug_macro   0x00000000       0xef ./obj/wdog.o
 .debug_macro   0x00000000       0x6a ./obj/wdog.o
 .debug_macro   0x00000000      0x1df ./obj/wdog.o
 .debug_macro   0x00000000       0x1c ./obj/wdog.o
 .debug_macro   0x00000000       0x22 ./obj/wdog.o
 .debug_macro   0x00000000       0xd8 ./obj/wdog.o
 .debug_macro   0x00000000     0x1011 ./obj/wdog.o
 .debug_macro   0x00000000      0x11f ./obj/wdog.o
 .debug_macro   0x00000000    0x150d6 ./obj/wdog.o
 .debug_macro   0x00000000       0x43 ./obj/wdog.o
 .debug_macro   0x00000000       0x34 ./obj/wdog.o
 .debug_macro   0x00000000       0x58 ./obj/wdog.o
 .group         0x00000000        0xc ./obj/gec.o
 .group         0x00000000        0xc ./obj/gec.o
 .group         0x00000000        0xc ./obj/gec.o
 .group         0x00000000        0xc ./obj/gec.o
 .group         0x00000000        0xc ./obj/gec.o
 .group         0x00000000        0xc ./obj/gec.o
 .group         0x00000000        0xc ./obj/gec.o
 .group         0x00000000        0xc ./obj/gec.o
 .group         0x00000000        0xc ./obj/gec.o
 .group         0x00000000        0xc ./obj/gec.o
 .group         0x00000000        0xc ./obj/gec.o
 .group         0x00000000        0xc ./obj/gec.o
 .group         0x00000000        0xc ./obj/gec.o
 .group         0x00000000        0xc ./obj/gec.o
 .group         0x00000000        0xc ./obj/gec.o
 .group         0x00000000        0xc ./obj/gec.o
 .group         0x00000000        0xc ./obj/gec.o
 .group         0x00000000        0xc ./obj/gec.o
 .group         0x00000000        0xc ./obj/gec.o
 .group         0x00000000        0xc ./obj/gec.o
 .group         0x00000000        0xc ./obj/gec.o
 .group         0x00000000        0xc ./obj/gec.o
 .group         0x00000000        0xc ./obj/gec.o
 .group         0x00000000        0xc ./obj/gec.o
 .group         0x00000000        0xc ./obj/gec.o
 .group         0x00000000        0xc ./obj/gec.o
 .group         0x00000000        0xc ./obj/gec.o
 .group         0x00000000        0xc ./obj/gec.o
 .group         0x00000000        0xc ./obj/gec.o
 .group         0x00000000        0xc ./obj/gec.o
 .group         0x00000000        0xc ./obj/gec.o
 .group         0x00000000        0xc ./obj/gec.o
 .group         0x00000000        0xc ./obj/gec.o
 .group         0x00000000        0xc ./obj/gec.o
 .group         0x00000000        0xc ./obj/gec.o
 .group         0x00000000        0xc ./obj/gec.o
 .group         0x00000000        0xc ./obj/gec.o
 .group         0x00000000        0xc ./obj/gec.o
 .group         0x00000000        0xc ./obj/gec.o
 .text          0x00000000        0x0 ./obj/gec.o
 .data          0x00000000        0x0 ./obj/gec.o
 .bss           0x00000000        0x0 ./obj/gec.o
 .text.SYSTEM_FUNCTION
                0x00000000      0x1cc ./obj/gec.o
 .rodata        0x00000000        0x6 ./obj/gec.o
 .rodata.SYSTEM_FUNCTION.str1.4
                0x00000000       0x2b ./obj/gec.o
 .debug_macro   0x00000000      0xa5a ./obj/gec.o
 .debug_macro   0x00000000       0x2e ./obj/gec.o
 .debug_macro   0x00000000       0x28 ./obj/gec.o
 .debug_macro   0x00000000       0x22 ./obj/gec.o
 .debug_macro   0x00000000       0x87 ./obj/gec.o
 .debug_macro   0x00000000       0x51 ./obj/gec.o
 .debug_macro   0x00000000       0xef ./obj/gec.o
 .debug_macro   0x00000000       0x6a ./obj/gec.o
 .debug_macro   0x00000000      0x1df ./obj/gec.o
 .debug_macro   0x00000000       0x1c ./obj/gec.o
 .debug_macro   0x00000000       0x22 ./obj/gec.o
 .debug_macro   0x00000000       0xd8 ./obj/gec.o
 .debug_macro   0x00000000     0x1011 ./obj/gec.o
 .debug_macro   0x00000000      0x11f ./obj/gec.o
 .debug_macro   0x00000000    0x150d6 ./obj/gec.o
 .debug_macro   0x00000000       0x43 ./obj/gec.o
 .debug_macro   0x00000000       0x34 ./obj/gec.o
 .debug_macro   0x00000000       0x58 ./obj/gec.o
 .debug_macro   0x00000000       0x46 ./obj/gec.o
 .debug_macro   0x00000000       0x17 ./obj/gec.o
 .debug_macro   0x00000000       0x3c ./obj/gec.o
 .debug_macro   0x00000000       0x9c ./obj/gec.o
 .debug_macro   0x00000000      0x174 ./obj/gec.o
 .debug_macro   0x00000000       0x52 ./obj/gec.o
 .debug_macro   0x00000000       0x1f ./obj/gec.o
 .debug_macro   0x00000000       0x43 ./obj/gec.o
 .debug_macro   0x00000000       0x20 ./obj/gec.o
 .debug_macro   0x00000000      0x1a3 ./obj/gec.o
 .debug_macro   0x00000000      0x32a ./obj/gec.o
 .debug_macro   0x00000000       0x10 ./obj/gec.o
 .debug_macro   0x00000000       0x35 ./obj/gec.o
 .debug_macro   0x00000000       0x28 ./obj/gec.o
 .debug_macro   0x00000000       0x9a ./obj/gec.o
 .debug_macro   0x00000000       0x34 ./obj/gec.o
 .debug_macro   0x00000000       0x70 ./obj/gec.o
 .debug_macro   0x00000000       0x64 ./obj/gec.o
 .debug_macro   0x00000000       0x2e ./obj/gec.o
 .debug_macro   0x00000000       0x40 ./obj/gec.o
 .debug_macro   0x00000000       0x22 ./obj/gec.o
 .group         0x00000000        0xc ./obj/uart.o
 .group         0x00000000        0xc ./obj/uart.o
 .group         0x00000000        0xc ./obj/uart.o
 .group         0x00000000        0xc ./obj/uart.o
 .group         0x00000000        0xc ./obj/uart.o
 .group         0x00000000        0xc ./obj/uart.o
 .group         0x00000000        0xc ./obj/uart.o
 .group         0x00000000        0xc ./obj/uart.o
 .group         0x00000000        0xc ./obj/uart.o
 .group         0x00000000        0xc ./obj/uart.o
 .group         0x00000000        0xc ./obj/uart.o
 .group         0x00000000        0xc ./obj/uart.o
 .group         0x00000000        0xc ./obj/uart.o
 .group         0x00000000        0xc ./obj/uart.o
 .group         0x00000000        0xc ./obj/uart.o
 .group         0x00000000        0xc ./obj/uart.o
 .group         0x00000000        0xc ./obj/uart.o
 .group         0x00000000        0xc ./obj/uart.o
 .group         0x00000000        0xc ./obj/uart.o
 .group         0x00000000        0xc ./obj/uart.o
 .group         0x00000000        0xc ./obj/uart.o
 .group         0x00000000        0xc ./obj/uart.o
 .group         0x00000000        0xc ./obj/uart.o
 .group         0x00000000        0xc ./obj/uart.o
 .group         0x00000000        0xc ./obj/uart.o
 .group         0x00000000        0xc ./obj/uart.o
 .group         0x00000000        0xc ./obj/uart.o
 .group         0x00000000        0xc ./obj/uart.o
 .group         0x00000000        0xc ./obj/uart.o
 .group         0x00000000        0xc ./obj/uart.o
 .group         0x00000000        0xc ./obj/uart.o
 .group         0x00000000        0xc ./obj/uart.o
 .text          0x00000000        0x0 ./obj/uart.o
 .data          0x00000000        0x0 ./obj/uart.o
 .bss           0x00000000        0x0 ./obj/uart.o
 .text.uart_init
                0x00000000      0x14c ./obj/uart.o
 .text.uart_sendN
                0x00000000       0x34 ./obj/uart.o
 .text.uart_send_string
                0x00000000       0x2a ./obj/uart.o
 .text.uart_re1
                0x00000000       0x50 ./obj/uart.o
 .text.uart_reN
                0x00000000       0x48 ./obj/uart.o
 .text.uart_enable_re_int
                0x00000000       0x40 ./obj/uart.o
 .text.uart_disable_re_int
                0x00000000       0x4c ./obj/uart.o
 .text.uart_get_re_int
                0x00000000       0x38 ./obj/uart.o
 .text.uart_deinit
                0x00000000       0x98 ./obj/uart.o
 .data.table_irq_uart
                0x00000000        0x3 ./obj/uart.o
 .debug_macro   0x00000000      0xa5a ./obj/uart.o
 .debug_macro   0x00000000       0x2e ./obj/uart.o
 .debug_macro   0x00000000       0x28 ./obj/uart.o
 .debug_macro   0x00000000       0x22 ./obj/uart.o
 .debug_macro   0x00000000       0x87 ./obj/uart.o
 .debug_macro   0x00000000       0x51 ./obj/uart.o
 .debug_macro   0x00000000       0xef ./obj/uart.o
 .debug_macro   0x00000000       0x6a ./obj/uart.o
 .debug_macro   0x00000000      0x1df ./obj/uart.o
 .debug_macro   0x00000000       0x1c ./obj/uart.o
 .debug_macro   0x00000000       0x22 ./obj/uart.o
 .debug_macro   0x00000000       0xd8 ./obj/uart.o
 .debug_macro   0x00000000     0x1011 ./obj/uart.o
 .debug_macro   0x00000000      0x11f ./obj/uart.o
 .debug_macro   0x00000000    0x150d6 ./obj/uart.o
 .debug_macro   0x00000000       0x43 ./obj/uart.o
 .debug_macro   0x00000000       0x34 ./obj/uart.o
 .debug_macro   0x00000000       0x58 ./obj/uart.o
 .debug_macro   0x00000000       0x46 ./obj/uart.o
 .debug_macro   0x00000000       0x17 ./obj/uart.o
 .debug_macro   0x00000000       0x3c ./obj/uart.o
 .debug_macro   0x00000000       0x9c ./obj/uart.o
 .debug_macro   0x00000000      0x174 ./obj/uart.o
 .debug_macro   0x00000000       0x52 ./obj/uart.o
 .debug_macro   0x00000000       0x1f ./obj/uart.o
 .debug_macro   0x00000000       0x43 ./obj/uart.o
 .debug_macro   0x00000000       0x20 ./obj/uart.o
 .debug_macro   0x00000000      0x1a3 ./obj/uart.o
 .debug_macro   0x00000000      0x32a ./obj/uart.o
 .debug_macro   0x00000000       0x10 ./obj/uart.o
 .debug_macro   0x00000000       0x35 ./obj/uart.o
 .debug_macro   0x00000000       0x28 ./obj/uart.o
 .group         0x00000000        0xc ./obj/isr.o
 .group         0x00000000        0xc ./obj/isr.o
 .group         0x00000000        0xc ./obj/isr.o
 .group         0x00000000        0xc ./obj/isr.o
 .group         0x00000000        0xc ./obj/isr.o
 .group         0x00000000        0xc ./obj/isr.o
 .group         0x00000000        0xc ./obj/isr.o
 .group         0x00000000        0xc ./obj/isr.o
 .group         0x00000000        0xc ./obj/isr.o
 .group         0x00000000        0xc ./obj/isr.o
 .group         0x00000000        0xc ./obj/isr.o
 .group         0x00000000        0xc ./obj/isr.o
 .group         0x00000000        0xc ./obj/isr.o
 .group         0x00000000        0xc ./obj/isr.o
 .group         0x00000000        0xc ./obj/isr.o
 .group         0x00000000        0xc ./obj/isr.o
 .group         0x00000000        0xc ./obj/isr.o
 .group         0x00000000        0xc ./obj/isr.o
 .group         0x00000000        0xc ./obj/isr.o
 .group         0x00000000        0xc ./obj/isr.o
 .group         0x00000000        0xc ./obj/isr.o
 .group         0x00000000        0xc ./obj/isr.o
 .group         0x00000000        0xc ./obj/isr.o
 .group         0x00000000        0xc ./obj/isr.o
 .group         0x00000000        0xc ./obj/isr.o
 .group         0x00000000        0xc ./obj/isr.o
 .group         0x00000000        0xc ./obj/isr.o
 .group         0x00000000        0xc ./obj/isr.o
 .group         0x00000000        0xc ./obj/isr.o
 .group         0x00000000        0xc ./obj/isr.o
 .group         0x00000000        0xc ./obj/isr.o
 .group         0x00000000        0xc ./obj/isr.o
 .group         0x00000000        0xc ./obj/isr.o
 .group         0x00000000        0xc ./obj/isr.o
 .group         0x00000000        0xc ./obj/isr.o
 .group         0x00000000        0xc ./obj/isr.o
 .group         0x00000000        0xc ./obj/isr.o
 .group         0x00000000        0xc ./obj/isr.o
 .group         0x00000000        0xc ./obj/isr.o
 .text          0x00000000        0x0 ./obj/isr.o
 .data          0x00000000        0x0 ./obj/isr.o
 .bss           0x00000000        0x0 ./obj/isr.o
 .debug_macro   0x00000000      0xa5a ./obj/isr.o
 .debug_macro   0x00000000       0x2e ./obj/isr.o
 .debug_macro   0x00000000       0x28 ./obj/isr.o
 .debug_macro   0x00000000       0x22 ./obj/isr.o
 .debug_macro   0x00000000       0x87 ./obj/isr.o
 .debug_macro   0x00000000       0x51 ./obj/isr.o
 .debug_macro   0x00000000       0xef ./obj/isr.o
 .debug_macro   0x00000000       0x6a ./obj/isr.o
 .debug_macro   0x00000000      0x1df ./obj/isr.o
 .debug_macro   0x00000000       0x1c ./obj/isr.o
 .debug_macro   0x00000000       0x22 ./obj/isr.o
 .debug_macro   0x00000000       0xd8 ./obj/isr.o
 .debug_macro   0x00000000     0x1011 ./obj/isr.o
 .debug_macro   0x00000000      0x11f ./obj/isr.o
 .debug_macro   0x00000000    0x150d6 ./obj/isr.o
 .debug_macro   0x00000000       0x43 ./obj/isr.o
 .debug_macro   0x00000000       0x34 ./obj/isr.o
 .debug_macro   0x00000000       0x58 ./obj/isr.o
 .debug_macro   0x00000000       0x46 ./obj/isr.o
 .debug_macro   0x00000000       0x17 ./obj/isr.o
 .debug_macro   0x00000000       0x3c ./obj/isr.o
 .debug_macro   0x00000000       0x9c ./obj/isr.o
 .debug_macro   0x00000000      0x174 ./obj/isr.o
 .debug_macro   0x00000000       0x52 ./obj/isr.o
 .debug_macro   0x00000000       0x1f ./obj/isr.o
 .debug_macro   0x00000000       0x43 ./obj/isr.o
 .debug_macro   0x00000000       0x20 ./obj/isr.o
 .debug_macro   0x00000000      0x1a3 ./obj/isr.o
 .debug_macro   0x00000000      0x32a ./obj/isr.o
 .debug_macro   0x00000000       0x10 ./obj/isr.o
 .debug_macro   0x00000000       0x35 ./obj/isr.o
 .debug_macro   0x00000000       0x28 ./obj/isr.o
 .debug_macro   0x00000000       0x9a ./obj/isr.o
 .debug_macro   0x00000000       0x70 ./obj/isr.o
 .debug_macro   0x00000000       0x3a ./obj/isr.o
 .debug_macro   0x00000000       0x22 ./obj/isr.o
 .debug_macro   0x00000000       0x64 ./obj/isr.o
 .debug_macro   0x00000000       0x2e ./obj/isr.o
 .debug_macro   0x00000000       0x40 ./obj/isr.o
 .group         0x00000000        0xc ./obj/printf.o
 .group         0x00000000        0xc ./obj/printf.o
 .group         0x00000000        0xc ./obj/printf.o
 .group         0x00000000        0xc ./obj/printf.o
 .group         0x00000000        0xc ./obj/printf.o
 .group         0x00000000        0xc ./obj/printf.o
 .group         0x00000000        0xc ./obj/printf.o
 .group         0x00000000        0xc ./obj/printf.o
 .group         0x00000000        0xc ./obj/printf.o
 .group         0x00000000        0xc ./obj/printf.o
 .group         0x00000000        0xc ./obj/printf.o
 .group         0x00000000        0xc ./obj/printf.o
 .group         0x00000000        0xc ./obj/printf.o
 .group         0x00000000        0xc ./obj/printf.o
 .group         0x00000000        0xc ./obj/printf.o
 .group         0x00000000        0xc ./obj/printf.o
 .group         0x00000000        0xc ./obj/printf.o
 .group         0x00000000        0xc ./obj/printf.o
 .group         0x00000000        0xc ./obj/printf.o
 .group         0x00000000        0xc ./obj/printf.o
 .group         0x00000000        0xc ./obj/printf.o
 .group         0x00000000        0xc ./obj/printf.o
 .group         0x00000000        0xc ./obj/printf.o
 .group         0x00000000        0xc ./obj/printf.o
 .group         0x00000000        0xc ./obj/printf.o
 .group         0x00000000        0xc ./obj/printf.o
 .group         0x00000000        0xc ./obj/printf.o
 .group         0x00000000        0xc ./obj/printf.o
 .group         0x00000000        0xc ./obj/printf.o
 .group         0x00000000        0xc ./obj/printf.o
 .group         0x00000000        0xc ./obj/printf.o
 .group         0x00000000        0xc ./obj/printf.o
 .group         0x00000000        0xc ./obj/printf.o
 .text          0x00000000        0x0 ./obj/printf.o
 .data          0x00000000        0x0 ./obj/printf.o
 .bss           0x00000000        0x0 ./obj/printf.o
 .debug_macro   0x00000000      0xa5a ./obj/printf.o
 .debug_macro   0x00000000       0x2e ./obj/printf.o
 .debug_macro   0x00000000       0x28 ./obj/printf.o
 .debug_macro   0x00000000       0x22 ./obj/printf.o
 .debug_macro   0x00000000       0x87 ./obj/printf.o
 .debug_macro   0x00000000       0x51 ./obj/printf.o
 .debug_macro   0x00000000       0xef ./obj/printf.o
 .debug_macro   0x00000000       0x6a ./obj/printf.o
 .debug_macro   0x00000000      0x1df ./obj/printf.o
 .debug_macro   0x00000000       0x1c ./obj/printf.o
 .debug_macro   0x00000000       0x22 ./obj/printf.o
 .debug_macro   0x00000000       0xd8 ./obj/printf.o
 .debug_macro   0x00000000     0x1011 ./obj/printf.o
 .debug_macro   0x00000000      0x11f ./obj/printf.o
 .debug_macro   0x00000000    0x150d6 ./obj/printf.o
 .debug_macro   0x00000000       0x43 ./obj/printf.o
 .debug_macro   0x00000000       0x34 ./obj/printf.o
 .debug_macro   0x00000000       0x58 ./obj/printf.o
 .debug_macro   0x00000000       0x46 ./obj/printf.o
 .debug_macro   0x00000000       0x17 ./obj/printf.o
 .debug_macro   0x00000000       0x3c ./obj/printf.o
 .debug_macro   0x00000000       0x9c ./obj/printf.o
 .debug_macro   0x00000000      0x174 ./obj/printf.o
 .debug_macro   0x00000000       0x52 ./obj/printf.o
 .debug_macro   0x00000000       0x1f ./obj/printf.o
 .debug_macro   0x00000000       0x43 ./obj/printf.o
 .debug_macro   0x00000000       0x20 ./obj/printf.o
 .debug_macro   0x00000000      0x1a3 ./obj/printf.o
 .debug_macro   0x00000000      0x32a ./obj/printf.o
 .debug_macro   0x00000000       0x10 ./obj/printf.o
 .debug_macro   0x00000000       0x35 ./obj/printf.o
 .debug_macro   0x00000000       0x28 ./obj/printf.o
 .debug_macro   0x00000000       0x9a ./obj/printf.o
 .text          0x00000000       0x14 ./obj/startup_stm32l431rctx.o
 .data          0x00000000        0x0 ./obj/startup_stm32l431rctx.o
 .bss           0x00000000        0x0 ./obj/startup_stm32l431rctx.o
 .text          0x00000000        0x0 d:/ahl-gec-ide(4.41)/gcc/bin/../lib/gcc/arm-none-eabi/7.2.1/../../../../arm-none-eabi/lib/thumb/v7e-m/fpv4-sp/hard\libc_nano.a(lib_a-exit.o)
 .data          0x00000000        0x0 d:/ahl-gec-ide(4.41)/gcc/bin/../lib/gcc/arm-none-eabi/7.2.1/../../../../arm-none-eabi/lib/thumb/v7e-m/fpv4-sp/hard\libc_nano.a(lib_a-exit.o)
 .bss           0x00000000        0x0 d:/ahl-gec-ide(4.41)/gcc/bin/../lib/gcc/arm-none-eabi/7.2.1/../../../../arm-none-eabi/lib/thumb/v7e-m/fpv4-sp/hard\libc_nano.a(lib_a-exit.o)
 .text.exit     0x00000000       0x28 d:/ahl-gec-ide(4.41)/gcc/bin/../lib/gcc/arm-none-eabi/7.2.1/../../../../arm-none-eabi/lib/thumb/v7e-m/fpv4-sp/hard\libc_nano.a(lib_a-exit.o)
 .debug_frame   0x00000000       0x28 d:/ahl-gec-ide(4.41)/gcc/bin/../lib/gcc/arm-none-eabi/7.2.1/../../../../arm-none-eabi/lib/thumb/v7e-m/fpv4-sp/hard\libc_nano.a(lib_a-exit.o)
 .ARM.attributes
                0x00000000       0x34 d:/ahl-gec-ide(4.41)/gcc/bin/../lib/gcc/arm-none-eabi/7.2.1/../../../../arm-none-eabi/lib/thumb/v7e-m/fpv4-sp/hard\libc_nano.a(lib_a-exit.o)
 .text          0x00000000        0x0 d:/ahl-gec-ide(4.41)/gcc/bin/../lib/gcc/arm-none-eabi/7.2.1/../../../../arm-none-eabi/lib/thumb/v7e-m/fpv4-sp/hard\libc_nano.a(lib_a-impure.o)
 .data          0x00000000        0x0 d:/ahl-gec-ide(4.41)/gcc/bin/../lib/gcc/arm-none-eabi/7.2.1/../../../../arm-none-eabi/lib/thumb/v7e-m/fpv4-sp/hard\libc_nano.a(lib_a-impure.o)
 .bss           0x00000000        0x0 d:/ahl-gec-ide(4.41)/gcc/bin/../lib/gcc/arm-none-eabi/7.2.1/../../../../arm-none-eabi/lib/thumb/v7e-m/fpv4-sp/hard\libc_nano.a(lib_a-impure.o)
 .data._impure_ptr
                0x00000000        0x4 d:/ahl-gec-ide(4.41)/gcc/bin/../lib/gcc/arm-none-eabi/7.2.1/../../../../arm-none-eabi/lib/thumb/v7e-m/fpv4-sp/hard\libc_nano.a(lib_a-impure.o)
 .data.impure_data
                0x00000000       0x60 d:/ahl-gec-ide(4.41)/gcc/bin/../lib/gcc/arm-none-eabi/7.2.1/../../../../arm-none-eabi/lib/thumb/v7e-m/fpv4-sp/hard\libc_nano.a(lib_a-impure.o)
 .rodata._global_impure_ptr
                0x00000000        0x4 d:/ahl-gec-ide(4.41)/gcc/bin/../lib/gcc/arm-none-eabi/7.2.1/../../../../arm-none-eabi/lib/thumb/v7e-m/fpv4-sp/hard\libc_nano.a(lib_a-impure.o)
 .ARM.attributes
                0x00000000       0x34 d:/ahl-gec-ide(4.41)/gcc/bin/../lib/gcc/arm-none-eabi/7.2.1/../../../../arm-none-eabi/lib/thumb/v7e-m/fpv4-sp/hard\libc_nano.a(lib_a-impure.o)
 .text          0x00000000        0x0 d:/ahl-gec-ide(4.41)/gcc/bin/../lib/gcc/arm-none-eabi/7.2.1/../../../../arm-none-eabi/lib/thumb/v7e-m/fpv4-sp/hard\libc_nano.a(lib_a-init.o)
 .data          0x00000000        0x0 d:/ahl-gec-ide(4.41)/gcc/bin/../lib/gcc/arm-none-eabi/7.2.1/../../../../arm-none-eabi/lib/thumb/v7e-m/fpv4-sp/hard\libc_nano.a(lib_a-init.o)
 .bss           0x00000000        0x0 d:/ahl-gec-ide(4.41)/gcc/bin/../lib/gcc/arm-none-eabi/7.2.1/../../../../arm-none-eabi/lib/thumb/v7e-m/fpv4-sp/hard\libc_nano.a(lib_a-init.o)
 .text          0x00000000        0x0 d:/ahl-gec-ide(4.41)/gcc/bin/../lib/gcc/arm-none-eabi/7.2.1/../../../../arm-none-eabi/lib/thumb/v7e-m/fpv4-sp/hard\libc_nano.a(lib_a-memcpy-stub.o)
 .data          0x00000000        0x0 d:/ahl-gec-ide(4.41)/gcc/bin/../lib/gcc/arm-none-eabi/7.2.1/../../../../arm-none-eabi/lib/thumb/v7e-m/fpv4-sp/hard\libc_nano.a(lib_a-memcpy-stub.o)
 .bss           0x00000000        0x0 d:/ahl-gec-ide(4.41)/gcc/bin/../lib/gcc/arm-none-eabi/7.2.1/../../../../arm-none-eabi/lib/thumb/v7e-m/fpv4-sp/hard\libc_nano.a(lib_a-memcpy-stub.o)
 .text          0x00000000        0x0 d:/ahl-gec-ide(4.41)/gcc/bin/../lib/gcc/arm-none-eabi/7.2.1/../../../../arm-none-eabi/lib/thumb/v7e-m/fpv4-sp/hard\libc_nano.a(lib_a-memset.o)
 .data          0x00000000        0x0 d:/ahl-gec-ide(4.41)/gcc/bin/../lib/gcc/arm-none-eabi/7.2.1/../../../../arm-none-eabi/lib/thumb/v7e-m/fpv4-sp/hard\libc_nano.a(lib_a-memset.o)
 .bss           0x00000000        0x0 d:/ahl-gec-ide(4.41)/gcc/bin/../lib/gcc/arm-none-eabi/7.2.1/../../../../arm-none-eabi/lib/thumb/v7e-m/fpv4-sp/hard\libc_nano.a(lib_a-memset.o)
 .text          0x00000000       0x14 d:/ahl-gec-ide(4.41)/gcc/bin/../lib/gcc/arm-none-eabi/7.2.1/../../../../arm-none-eabi/lib/thumb/v7e-m/fpv4-sp/hard\libc_nano.a(lib_a-strcmp.o)
 .data          0x00000000        0x0 d:/ahl-gec-ide(4.41)/gcc/bin/../lib/gcc/arm-none-eabi/7.2.1/../../../../arm-none-eabi/lib/thumb/v7e-m/fpv4-sp/hard\libc_nano.a(lib_a-strcmp.o)
 .bss           0x00000000        0x0 d:/ahl-gec-ide(4.41)/gcc/bin/../lib/gcc/arm-none-eabi/7.2.1/../../../../arm-none-eabi/lib/thumb/v7e-m/fpv4-sp/hard\libc_nano.a(lib_a-strcmp.o)
 .debug_frame   0x00000000       0x20 d:/ahl-gec-ide(4.41)/gcc/bin/../lib/gcc/arm-none-eabi/7.2.1/../../../../arm-none-eabi/lib/thumb/v7e-m/fpv4-sp/hard\libc_nano.a(lib_a-strcmp.o)
 .ARM.attributes
                0x00000000       0x20 d:/ahl-gec-ide(4.41)/gcc/bin/../lib/gcc/arm-none-eabi/7.2.1/../../../../arm-none-eabi/lib/thumb/v7e-m/fpv4-sp/hard\libc_nano.a(lib_a-strcmp.o)
 .data          0x00000000        0x0 d:/ahl-gec-ide(4.41)/gcc/bin/../lib/gcc/arm-none-eabi/7.2.1/../../../../arm-none-eabi/lib/thumb/v7e-m/fpv4-sp/hard\libc_nano.a(lib_a-strlen.o)
 .bss           0x00000000        0x0 d:/ahl-gec-ide(4.41)/gcc/bin/../lib/gcc/arm-none-eabi/7.2.1/../../../../arm-none-eabi/lib/thumb/v7e-m/fpv4-sp/hard\libc_nano.a(lib_a-strlen.o)
 .text          0x00000000        0x0 d:/ahl-gec-ide(4.41)/gcc/bin/../lib/gcc/arm-none-eabi/7.2.1/../../../../arm-none-eabi/lib/thumb/v7e-m/fpv4-sp/hard\libc_nano.a(lib_a-strncmp.o)
 .data          0x00000000        0x0 d:/ahl-gec-ide(4.41)/gcc/bin/../lib/gcc/arm-none-eabi/7.2.1/../../../../arm-none-eabi/lib/thumb/v7e-m/fpv4-sp/hard\libc_nano.a(lib_a-strncmp.o)
 .bss           0x00000000        0x0 d:/ahl-gec-ide(4.41)/gcc/bin/../lib/gcc/arm-none-eabi/7.2.1/../../../../arm-none-eabi/lib/thumb/v7e-m/fpv4-sp/hard\libc_nano.a(lib_a-strncmp.o)
 .text.strncmp  0x00000000       0x24 d:/ahl-gec-ide(4.41)/gcc/bin/../lib/gcc/arm-none-eabi/7.2.1/../../../../arm-none-eabi/lib/thumb/v7e-m/fpv4-sp/hard\libc_nano.a(lib_a-strncmp.o)
 .debug_frame   0x00000000       0x28 d:/ahl-gec-ide(4.41)/gcc/bin/../lib/gcc/arm-none-eabi/7.2.1/../../../../arm-none-eabi/lib/thumb/v7e-m/fpv4-sp/hard\libc_nano.a(lib_a-strncmp.o)
 .ARM.attributes
                0x00000000       0x34 d:/ahl-gec-ide(4.41)/gcc/bin/../lib/gcc/arm-none-eabi/7.2.1/../../../../arm-none-eabi/lib/thumb/v7e-m/fpv4-sp/hard\libc_nano.a(lib_a-strncmp.o)
 .data          0x00000000        0x0 d:/ahl-gec-ide(4.41)/gcc/bin/../lib/gcc/arm-none-eabi/7.2.1/thumb/v7e-m/fpv4-sp/hard\libgcc.a(_arm_addsubdf3.o)
 .bss           0x00000000        0x0 d:/ahl-gec-ide(4.41)/gcc/bin/../lib/gcc/arm-none-eabi/7.2.1/thumb/v7e-m/fpv4-sp/hard\libgcc.a(_arm_addsubdf3.o)
 .data          0x00000000        0x0 d:/ahl-gec-ide(4.41)/gcc/bin/../lib/gcc/arm-none-eabi/7.2.1/thumb/v7e-m/fpv4-sp/hard\libgcc.a(_arm_muldivdf3.o)
 .bss           0x00000000        0x0 d:/ahl-gec-ide(4.41)/gcc/bin/../lib/gcc/arm-none-eabi/7.2.1/thumb/v7e-m/fpv4-sp/hard\libgcc.a(_arm_muldivdf3.o)
 .data          0x00000000        0x0 d:/ahl-gec-ide(4.41)/gcc/bin/../lib/gcc/arm-none-eabi/7.2.1/thumb/v7e-m/fpv4-sp/hard\libgcc.a(_arm_cmpdf2.o)
 .bss           0x00000000        0x0 d:/ahl-gec-ide(4.41)/gcc/bin/../lib/gcc/arm-none-eabi/7.2.1/thumb/v7e-m/fpv4-sp/hard\libgcc.a(_arm_cmpdf2.o)
 .data          0x00000000        0x0 d:/ahl-gec-ide(4.41)/gcc/bin/../lib/gcc/arm-none-eabi/7.2.1/thumb/v7e-m/fpv4-sp/hard\libgcc.a(_arm_fixunsdfsi.o)
 .bss           0x00000000        0x0 d:/ahl-gec-ide(4.41)/gcc/bin/../lib/gcc/arm-none-eabi/7.2.1/thumb/v7e-m/fpv4-sp/hard\libgcc.a(_arm_fixunsdfsi.o)
 .data          0x00000000        0x0 d:/ahl-gec-ide(4.41)/gcc/bin/../lib/gcc/arm-none-eabi/7.2.1/thumb/v7e-m/fpv4-sp/hard\libgcc.a(_aeabi_uldivmod.o)
 .bss           0x00000000        0x0 d:/ahl-gec-ide(4.41)/gcc/bin/../lib/gcc/arm-none-eabi/7.2.1/thumb/v7e-m/fpv4-sp/hard\libgcc.a(_aeabi_uldivmod.o)
 .data          0x00000000        0x0 d:/ahl-gec-ide(4.41)/gcc/bin/../lib/gcc/arm-none-eabi/7.2.1/thumb/v7e-m/fpv4-sp/hard\libgcc.a(_fixunsdfdi.o)
 .bss           0x00000000        0x0 d:/ahl-gec-ide(4.41)/gcc/bin/../lib/gcc/arm-none-eabi/7.2.1/thumb/v7e-m/fpv4-sp/hard\libgcc.a(_fixunsdfdi.o)
 .data          0x00000000        0x0 d:/ahl-gec-ide(4.41)/gcc/bin/../lib/gcc/arm-none-eabi/7.2.1/thumb/v7e-m/fpv4-sp/hard\libgcc.a(_udivmoddi4.o)
 .bss           0x00000000        0x0 d:/ahl-gec-ide(4.41)/gcc/bin/../lib/gcc/arm-none-eabi/7.2.1/thumb/v7e-m/fpv4-sp/hard\libgcc.a(_udivmoddi4.o)
 .ARM.extab     0x00000000        0x0 d:/ahl-gec-ide(4.41)/gcc/bin/../lib/gcc/arm-none-eabi/7.2.1/thumb/v7e-m/fpv4-sp/hard\libgcc.a(_udivmoddi4.o)
 .data          0x00000000        0x0 d:/ahl-gec-ide(4.41)/gcc/bin/../lib/gcc/arm-none-eabi/7.2.1/thumb/v7e-m/fpv4-sp/hard\libgcc.a(_dvmd_tls.o)
 .bss           0x00000000        0x0 d:/ahl-gec-ide(4.41)/gcc/bin/../lib/gcc/arm-none-eabi/7.2.1/thumb/v7e-m/fpv4-sp/hard\libgcc.a(_dvmd_tls.o)
 .text          0x00000000        0x0 d:/ahl-gec-ide(4.41)/gcc/bin/../lib/gcc/arm-none-eabi/7.2.1/../../../../arm-none-eabi/lib/thumb/v7e-m/fpv4-sp/hard\libnosys.a(_exit.o)
 .data          0x00000000        0x0 d:/ahl-gec-ide(4.41)/gcc/bin/../lib/gcc/arm-none-eabi/7.2.1/../../../../arm-none-eabi/lib/thumb/v7e-m/fpv4-sp/hard\libnosys.a(_exit.o)
 .bss           0x00000000        0x0 d:/ahl-gec-ide(4.41)/gcc/bin/../lib/gcc/arm-none-eabi/7.2.1/../../../../arm-none-eabi/lib/thumb/v7e-m/fpv4-sp/hard\libnosys.a(_exit.o)
 .text._exit    0x00000000        0x4 d:/ahl-gec-ide(4.41)/gcc/bin/../lib/gcc/arm-none-eabi/7.2.1/../../../../arm-none-eabi/lib/thumb/v7e-m/fpv4-sp/hard\libnosys.a(_exit.o)
 .debug_frame   0x00000000       0x20 d:/ahl-gec-ide(4.41)/gcc/bin/../lib/gcc/arm-none-eabi/7.2.1/../../../../arm-none-eabi/lib/thumb/v7e-m/fpv4-sp/hard\libnosys.a(_exit.o)
 .ARM.attributes
                0x00000000       0x34 d:/ahl-gec-ide(4.41)/gcc/bin/../lib/gcc/arm-none-eabi/7.2.1/../../../../arm-none-eabi/lib/thumb/v7e-m/fpv4-sp/hard\libnosys.a(_exit.o)
 .text          0x00000000        0x0 d:/ahl-gec-ide(4.41)/gcc/bin/../lib/gcc/arm-none-eabi/7.2.1/thumb/v7e-m/fpv4-sp/hard/crtend.o
 .data          0x00000000        0x0 d:/ahl-gec-ide(4.41)/gcc/bin/../lib/gcc/arm-none-eabi/7.2.1/thumb/v7e-m/fpv4-sp/hard/crtend.o
 .bss           0x00000000        0x0 d:/ahl-gec-ide(4.41)/gcc/bin/../lib/gcc/arm-none-eabi/7.2.1/thumb/v7e-m/fpv4-sp/hard/crtend.o
 .eh_frame      0x00000000        0x4 d:/ahl-gec-ide(4.41)/gcc/bin/../lib/gcc/arm-none-eabi/7.2.1/thumb/v7e-m/fpv4-sp/hard/crtend.o
 .ARM.attributes
                0x00000000       0x34 d:/ahl-gec-ide(4.41)/gcc/bin/../lib/gcc/arm-none-eabi/7.2.1/thumb/v7e-m/fpv4-sp/hard/crtend.o
 .text          0x00000000        0x0 d:/ahl-gec-ide(4.41)/gcc/bin/../lib/gcc/arm-none-eabi/7.2.1/thumb/v7e-m/fpv4-sp/hard/crtn.o
 .data          0x00000000        0x0 d:/ahl-gec-ide(4.41)/gcc/bin/../lib/gcc/arm-none-eabi/7.2.1/thumb/v7e-m/fpv4-sp/hard/crtn.o
 .bss           0x00000000        0x0 d:/ahl-gec-ide(4.41)/gcc/bin/../lib/gcc/arm-none-eabi/7.2.1/thumb/v7e-m/fpv4-sp/hard/crtn.o

Memory Configuration

Name             Origin             Length             Attributes
INTVEC           0x0800d000         0x00000800         xr
FLASH            0x0800d800         0x00032000         xr
RAM              0x20002000         0x0000e000         xrw
*default*        0x00000000         0xffffffff

Linker script and memory map

LOAD d:/ahl-gec-ide(4.41)/gcc/bin/../lib/gcc/arm-none-eabi/7.2.1/thumb/v7e-m/fpv4-sp/hard/crti.o
LOAD d:/ahl-gec-ide(4.41)/gcc/bin/../lib/gcc/arm-none-eabi/7.2.1/thumb/v7e-m/fpv4-sp/hard/crtbegin.o
LOAD d:/ahl-gec-ide(4.41)/gcc/bin/../lib/gcc/arm-none-eabi/7.2.1/../../../../arm-none-eabi/lib/thumb/v7e-m/fpv4-sp/hard/crt0.o
LOAD ./obj/emuart.o
LOAD ./obj/timer.o
LOAD ./obj/system_stm32l4xx.o
LOAD ./obj/main.o
LOAD ./obj/flash.o
LOAD ./obj/gpio.o
LOAD ./obj/wdog.o
LOAD ./obj/gec.o
LOAD ./obj/uart.o
LOAD ./obj/isr.o
LOAD ./obj/printf.o
LOAD ./obj/startup_stm32l431rctx.o
START GROUP
LOAD d:/ahl-gec-ide(4.41)/gcc/bin/../lib/gcc/arm-none-eabi/7.2.1/../../../../arm-none-eabi/lib/thumb/v7e-m/fpv4-sp/hard\libstdc++_nano.a
LOAD d:/ahl-gec-ide(4.41)/gcc/bin/../lib/gcc/arm-none-eabi/7.2.1/../../../../arm-none-eabi/lib/thumb/v7e-m/fpv4-sp/hard\libsupc++_nano.a
END GROUP
LOAD d:/ahl-gec-ide(4.41)/gcc/bin/../lib/gcc/arm-none-eabi/7.2.1/../../../../arm-none-eabi/lib/thumb/v7e-m/fpv4-sp/hard\libstdc++_nano.a
LOAD d:/ahl-gec-ide(4.41)/gcc/bin/../lib/gcc/arm-none-eabi/7.2.1/../../../../arm-none-eabi/lib/thumb/v7e-m/fpv4-sp/hard\libm.a
LOAD d:/ahl-gec-ide(4.41)/gcc/bin/../lib/gcc/arm-none-eabi/7.2.1/../../../../arm-none-eabi/lib/thumb/v7e-m/fpv4-sp/hard\libc_nano.a
START GROUP
LOAD d:/ahl-gec-ide(4.41)/gcc/bin/../lib/gcc/arm-none-eabi/7.2.1/thumb/v7e-m/fpv4-sp/hard\libgcc.a
LOAD d:/ahl-gec-ide(4.41)/gcc/bin/../lib/gcc/arm-none-eabi/7.2.1/../../../../arm-none-eabi/lib/thumb/v7e-m/fpv4-sp/hard\libc_nano.a
END GROUP
START GROUP
LOAD d:/ahl-gec-ide(4.41)/gcc/bin/../lib/gcc/arm-none-eabi/7.2.1/thumb/v7e-m/fpv4-sp/hard\libgcc.a
LOAD d:/ahl-gec-ide(4.41)/gcc/bin/../lib/gcc/arm-none-eabi/7.2.1/../../../../arm-none-eabi/lib/thumb/v7e-m/fpv4-sp/hard\libc_nano.a
LOAD d:/ahl-gec-ide(4.41)/gcc/bin/../lib/gcc/arm-none-eabi/7.2.1/../../../../arm-none-eabi/lib/thumb/v7e-m/fpv4-sp/hard\libnosys.a
END GROUP
START GROUP
LOAD d:/ahl-gec-ide(4.41)/gcc/bin/../lib/gcc/arm-none-eabi/7.2.1/thumb/v7e-m/fpv4-sp/hard\libgcc.a
LOAD d:/ahl-gec-ide(4.41)/gcc/bin/../lib/gcc/arm-none-eabi/7.2.1/../../../../arm-none-eabi/lib/thumb/v7e-m/fpv4-sp/hard\libc_nano.a
LOAD d:/ahl-gec-ide(4.41)/gcc/bin/../lib/gcc/arm-none-eabi/7.2.1/../../../../arm-none-eabi/lib/thumb/v7e-m/fpv4-sp/hard\libnosys.a
END GROUP
LOAD d:/ahl-gec-ide(4.41)/gcc/bin/../lib/gcc/arm-none-eabi/7.2.1/thumb/v7e-m/fpv4-sp/hard/crtend.o
LOAD d:/ahl-gec-ide(4.41)/gcc/bin/../lib/gcc/arm-none-eabi/7.2.1/thumb/v7e-m/fpv4-sp/hard/crtn.o
                0x00000800                MCU_SECTORSIZE = 0x800
                0x08000000                MCU_FLASH_ADDR_START = 0x8000000
                0x0000001a                GEC_USER_SECTOR_START = 0x1a
                0x0000007e                GEC_USER_SECTOR_END = 0x7e
                0x20002000                GEC_USER_RAM_START = 0x20002000
                0x2000ffff                GEC_USER_RAM_END = 0x2000ffff
                0x2000ffff                _estack = 0x2000ffff
                0x00000200                _Min_Heap_Size = 0x200
                0x00000400                _Min_Stack_Size = 0x400

.isr_vector     0x0800d000      0x190
                0x0800d000                . = ALIGN (0x8)
 *(.isr_vector)
 .isr_vector    0x0800d000      0x18c ./obj/startup_stm32l431rctx.o
                0x0800d000                g_pfnVectors
                0x0800d190                . = ALIGN (0x8)
 *fill*         0x0800d18c        0x4 

.text           0x0800d800     0x2028
                0x0800d800                . = ALIGN (0x8)
 *(.text)
 .text          0x0800d800       0x40 d:/ahl-gec-ide(4.41)/gcc/bin/../lib/gcc/arm-none-eabi/7.2.1/thumb/v7e-m/fpv4-sp/hard/crtbegin.o
 .text          0x0800d840       0x10 d:/ahl-gec-ide(4.41)/gcc/bin/../lib/gcc/arm-none-eabi/7.2.1/../../../../arm-none-eabi/lib/thumb/v7e-m/fpv4-sp/hard\libc_nano.a(lib_a-strlen.o)
                0x0800d840                strlen
 .text          0x0800d850      0x378 d:/ahl-gec-ide(4.41)/gcc/bin/../lib/gcc/arm-none-eabi/7.2.1/thumb/v7e-m/fpv4-sp/hard\libgcc.a(_arm_addsubdf3.o)
                0x0800d850                __aeabi_drsub
                0x0800d858                __aeabi_dsub
                0x0800d858                __subdf3
                0x0800d85c                __aeabi_dadd
                0x0800d85c                __adddf3
                0x0800dad4                __floatunsidf
                0x0800dad4                __aeabi_ui2d
                0x0800daf4                __floatsidf
                0x0800daf4                __aeabi_i2d
                0x0800db18                __aeabi_f2d
                0x0800db18                __extendsfdf2
                0x0800db5c                __floatundidf
                0x0800db5c                __aeabi_ul2d
                0x0800db6c                __floatdidf
                0x0800db6c                __aeabi_l2d
 .text          0x0800dbc8      0x424 d:/ahl-gec-ide(4.41)/gcc/bin/../lib/gcc/arm-none-eabi/7.2.1/thumb/v7e-m/fpv4-sp/hard\libgcc.a(_arm_muldivdf3.o)
                0x0800dbc8                __aeabi_dmul
                0x0800dbc8                __muldf3
                0x0800de1c                __divdf3
                0x0800de1c                __aeabi_ddiv
 .text          0x0800dfec      0x110 d:/ahl-gec-ide(4.41)/gcc/bin/../lib/gcc/arm-none-eabi/7.2.1/thumb/v7e-m/fpv4-sp/hard\libgcc.a(_arm_cmpdf2.o)
                0x0800dfec                __gtdf2
                0x0800dfec                __gedf2
                0x0800dff4                __ltdf2
                0x0800dff4                __ledf2
                0x0800dffc                __nedf2
                0x0800dffc                __eqdf2
                0x0800dffc                __cmpdf2
                0x0800e078                __aeabi_cdrcmple
                0x0800e088                __aeabi_cdcmpeq
                0x0800e088                __aeabi_cdcmple
                0x0800e098                __aeabi_dcmpeq
                0x0800e0ac                __aeabi_dcmplt
                0x0800e0c0                __aeabi_dcmple
                0x0800e0d4                __aeabi_dcmpge
                0x0800e0e8                __aeabi_dcmpgt
 .text          0x0800e0fc       0x40 d:/ahl-gec-ide(4.41)/gcc/bin/../lib/gcc/arm-none-eabi/7.2.1/thumb/v7e-m/fpv4-sp/hard\libgcc.a(_arm_fixunsdfsi.o)
                0x0800e0fc                __aeabi_d2uiz
                0x0800e0fc                __fixunsdfsi
 .text          0x0800e13c       0x30 d:/ahl-gec-ide(4.41)/gcc/bin/../lib/gcc/arm-none-eabi/7.2.1/thumb/v7e-m/fpv4-sp/hard\libgcc.a(_aeabi_uldivmod.o)
                0x0800e13c                __aeabi_uldivmod
 .text          0x0800e16c       0x44 d:/ahl-gec-ide(4.41)/gcc/bin/../lib/gcc/arm-none-eabi/7.2.1/thumb/v7e-m/fpv4-sp/hard\libgcc.a(_fixunsdfdi.o)
                0x0800e16c                __fixunsdfdi
                0x0800e16c                __aeabi_d2ulz
 .text          0x0800e1b0      0x2cc d:/ahl-gec-ide(4.41)/gcc/bin/../lib/gcc/arm-none-eabi/7.2.1/thumb/v7e-m/fpv4-sp/hard\libgcc.a(_udivmoddi4.o)
                0x0800e1b0                __udivmoddi4
 .text          0x0800e47c        0x4 d:/ahl-gec-ide(4.41)/gcc/bin/../lib/gcc/arm-none-eabi/7.2.1/thumb/v7e-m/fpv4-sp/hard\libgcc.a(_dvmd_tls.o)
                0x0800e47c                __aeabi_idiv0
                0x0800e47c                __aeabi_ldiv0
 *(.text*)
 .text.timer_init
                0x0800e480      0x164 ./obj/timer.o
                0x0800e480                timer_init
 .text.timer_enable_int
                0x0800e5e4       0xac ./obj/timer.o
                0x0800e5e4                timer_enable_int
 .text.timer_get_int
                0x0800e690       0x9c ./obj/timer.o
                0x0800e690                timer_get_int
 .text.timer_clear_int
                0x0800e72c       0x78 ./obj/timer.o
                0x0800e72c                timer_clear_int
 .text.SysClock_Config
                0x0800e7a4       0x9c ./obj/system_stm32l4xx.o
                0x0800e7a4                SysClock_Config
 .text.SystemInit
                0x0800e840       0x50 ./obj/system_stm32l4xx.o
                0x0800e840                SystemInit
 .text.Delay_ms
                0x0800e890       0x22 ./obj/main.o
                0x0800e890                Delay_ms
 .text.yellow_LED_OFF
                0x0800e8b2       0x18 ./obj/main.o
                0x0800e8b2                yellow_LED_OFF
 .text.yellow_LED_ON
                0x0800e8ca       0x18 ./obj/main.o
                0x0800e8ca                yellow_LED_ON
 *fill*         0x0800e8e2        0x2 
 .text.main     0x0800e8e4      0x17c ./obj/main.o
                0x0800e8e4                main
 .text.flash_erase
                0x0800ea60       0x50 ./obj/flash.o
                0x0800ea60                flash_erase
 .text.flash_read_physical
                0x0800eab0        0x8 ./obj/flash.o
                0x0800eab0                flash_read_physical
 .text.flash_isempty
                0x0800eab8       0x1c ./obj/flash.o
                0x0800eab8                flash_isempty
 .text.flash_write_DoubleWord
                0x0800ead4       0x38 ./obj/flash.o
                0x0800ead4                flash_write_DoubleWord
 .text.flash_write_physical
                0x0800eb0c      0x1d4 ./obj/flash.o
                0x0800eb0c                flash_write_physical
 .text.gpio_get_port_pin
                0x0800ece0        0x8 ./obj/gpio.o
                0x0800ece0                gpio_get_port_pin
 .text.gpio_set
                0x0800ece8       0x4c ./obj/gpio.o
                0x0800ece8                gpio_set
 .text.gpio_init
                0x0800ed34       0x70 ./obj/gpio.o
                0x0800ed34                gpio_init
 .text.wdog_stop
                0x0800eda4        0x2 ./obj/wdog.o
                0x0800eda4                wdog_stop
 *fill*         0x0800eda6        0x2 
 .text.Vectors_Init
                0x0800eda8       0x84 ./obj/gec.o
                0x0800eda8                Vectors_Init
 .text.uart_is_uartNo
                0x0800ee2c       0x10 ./obj/uart.o
                0x0800ee2c                uart_is_uartNo
 .text.uart_send1
                0x0800ee3c       0x48 ./obj/uart.o
                0x0800ee3c                uart_send1
 .text.SecAdd1  0x0800ee84       0x10 ./obj/isr.o
                0x0800ee84                SecAdd1
 .text.TIM7_IRQHandler
                0x0800ee94       0x3c ./obj/isr.o
                0x0800ee94                TIM7_IRQHandler
 .text.printk_putc
                0x0800eed0       0x2a ./obj/printf.o
 .text.printk_mknumstr
                0x0800eefa       0x68 ./obj/printf.o
 .text.printk_pad_zero
                0x0800ef62       0x1e ./obj/printf.o
 .text.printk_pad_space
                0x0800ef80       0x1e ./obj/printf.o
 .text.out_char
                0x0800ef9e        0xc ./obj/printf.o
                0x0800ef9e                out_char
 *fill*         0x0800efaa        0x6 
 .text.printk_mkfloatstr
                0x0800efb0      0x1a4 ./obj/printf.o
                0x0800efb0                printk_mkfloatstr
 .text.printk   0x0800f154      0x5c8 ./obj/printf.o
                0x0800f154                printk
 .text.myprintf
                0x0800f71c       0x28 ./obj/printf.o
                0x0800f71c                myprintf
 .text.Reset_Handler
                0x0800f744       0x54 ./obj/startup_stm32l431rctx.o
                0x0800f744                Reset_Handler
 .text.Default_Handler
                0x0800f798        0x6 ./obj/startup_stm32l431rctx.o
                0x0800f798                RTC_Alarm_IRQHandler
                0x0800f798                EXTI2_IRQHandler
                0x0800f798                DebugMon_Handler
                0x0800f798                TIM1_CC_IRQHandler
                0x0800f798                TSC_IRQHandler
                0x0800f798                HardFault_Handler
                0x0800f798                SysTick_Handler
                0x0800f798                TAMP_STAMP_IRQHandler
                0x0800f798                PendSV_Handler
                0x0800f798                NMI_Handler
                0x0800f798                EXTI3_IRQHandler
                0x0800f798                LPTIM2_IRQHandler
                0x0800f798                I2C3_ER_IRQHandler
                0x0800f798                EXTI0_IRQHandler
                0x0800f798                I2C2_EV_IRQHandler
                0x0800f798                CAN1_RX0_IRQHandler
                0x0800f798                FPU_IRQHandler
                0x0800f798                TIM1_UP_TIM16_IRQHandler
                0x0800f798                UsageFault_Handler
                0x0800f798                SPI1_IRQHandler
                0x0800f798                TIM6_DAC_IRQHandler
                0x0800f798                DMA2_Channel2_IRQHandler
                0x0800f798                DMA1_Channel4_IRQHandler
                0x0800f798                ADC1_IRQHandler
                0x0800f798                USART3_IRQHandler
                0x0800f798                DMA1_Channel7_IRQHandler
                0x0800f798                CAN1_RX1_IRQHandler
                0x0800f798                DMA2_Channel1_IRQHandler
                0x0800f798                QUADSPI_IRQHandler
                0x0800f798                I2C1_EV_IRQHandler
                0x0800f798                DMA1_Channel6_IRQHandler
                0x0800f798                DMA2_Channel4_IRQHandler
                0x0800f798                RCC_IRQHandler
                0x0800f798                TIM1_TRG_COM_IRQHandler
                0x0800f798                DMA1_Channel1_IRQHandler
                0x0800f798                Default_Handler
                0x0800f798                DMA2_Channel7_IRQHandler
                0x0800f798                EXTI15_10_IRQHandler
                0x0800f798                SDMMC1_IRQHandler
                0x0800f798                I2C3_EV_IRQHandler
                0x0800f798                EXTI9_5_IRQHandler
                0x0800f798                RTC_WKUP_IRQHandler
                0x0800f798                PVD_PVM_IRQHandler
                0x0800f798                SPI2_IRQHandler
                0x0800f798                MemManage_Handler
                0x0800f798                CAN1_TX_IRQHandler
                0x0800f798                SVC_Handler
                0x0800f798                DMA2_Channel5_IRQHandler
                0x0800f798                CRS_IRQHandler
                0x0800f798                DMA1_Channel5_IRQHandler
                0x0800f798                EXTI4_IRQHandler
                0x0800f798                RNG_IRQHandler
                0x0800f798                DMA1_Channel3_IRQHandler
                0x0800f798                COMP_IRQHandler
                0x0800f798                WWDG_IRQHandler
                0x0800f798                LPUART1_IRQHandler
                0x0800f798                DMA2_Channel6_IRQHandler
                0x0800f798                TIM2_IRQHandler
                0x0800f798                EXTI1_IRQHandler
                0x0800f798                USART2_IRQHandler
                0x0800f798                I2C2_ER_IRQHandler
                0x0800f798                DMA1_Channel2_IRQHandler
                0x0800f798                CAN1_SCE_IRQHandler
                0x0800f798                FLASH_IRQHandler
                0x0800f798                BusFault_Handler
                0x0800f798                USART1_IRQHandler
                0x0800f798                SPI3_IRQHandler
                0x0800f798                I2C1_ER_IRQHandler
                0x0800f798                SWPMI1_IRQHandler
                0x0800f798                LPTIM1_IRQHandler
                0x0800f798                SAI1_IRQHandler
                0x0800f798                DMA2_Channel3_IRQHandler
                0x0800f798                TIM1_BRK_TIM15_IRQHandler
 *fill*         0x0800f79e        0x2 
 .text.__libc_init_array
                0x0800f7a0       0x48 d:/ahl-gec-ide(4.41)/gcc/bin/../lib/gcc/arm-none-eabi/7.2.1/../../../../arm-none-eabi/lib/thumb/v7e-m/fpv4-sp/hard\libc_nano.a(lib_a-init.o)
                0x0800f7a0                __libc_init_array
 .text.memcpy   0x0800f7e8       0x16 d:/ahl-gec-ide(4.41)/gcc/bin/../lib/gcc/arm-none-eabi/7.2.1/../../../../arm-none-eabi/lib/thumb/v7e-m/fpv4-sp/hard\libc_nano.a(lib_a-memcpy-stub.o)
                0x0800f7e8                memcpy
 .text.memset   0x0800f7fe       0x10 d:/ahl-gec-ide(4.41)/gcc/bin/../lib/gcc/arm-none-eabi/7.2.1/../../../../arm-none-eabi/lib/thumb/v7e-m/fpv4-sp/hard\libc_nano.a(lib_a-memset.o)
                0x0800f7fe                memset
 *(.glue_7)
 .glue_7        0x0800f80e        0x0 linker stubs
 *(.glue_7t)
 .glue_7t       0x0800f80e        0x0 linker stubs
 *(.eh_frame)
 *fill*         0x0800f80e        0x2 
 .eh_frame      0x0800f810        0x0 d:/ahl-gec-ide(4.41)/gcc/bin/../lib/gcc/arm-none-eabi/7.2.1/thumb/v7e-m/fpv4-sp/hard/crtbegin.o
 *(.init)
 .init          0x0800f810        0x4 d:/ahl-gec-ide(4.41)/gcc/bin/../lib/gcc/arm-none-eabi/7.2.1/thumb/v7e-m/fpv4-sp/hard/crti.o
                0x0800f810                _init
 .init          0x0800f814        0x8 d:/ahl-gec-ide(4.41)/gcc/bin/../lib/gcc/arm-none-eabi/7.2.1/thumb/v7e-m/fpv4-sp/hard/crtn.o
 *(.fini)
 .fini          0x0800f81c        0x4 d:/ahl-gec-ide(4.41)/gcc/bin/../lib/gcc/arm-none-eabi/7.2.1/thumb/v7e-m/fpv4-sp/hard/crti.o
                0x0800f81c                _fini
 .fini          0x0800f820        0x8 d:/ahl-gec-ide(4.41)/gcc/bin/../lib/gcc/arm-none-eabi/7.2.1/thumb/v7e-m/fpv4-sp/hard/crtn.o
                0x0800f828                . = ALIGN (0x8)
                0x0800f828                _etext = .

.vfp11_veneer   0x0800f828        0x0
 .vfp11_veneer  0x0800f828        0x0 linker stubs

.v4_bx          0x0800f828        0x0
 .v4_bx         0x0800f828        0x0 linker stubs

.iplt           0x0800f828        0x0
 .iplt          0x0800f828        0x0 d:/ahl-gec-ide(4.41)/gcc/bin/../lib/gcc/arm-none-eabi/7.2.1/thumb/v7e-m/fpv4-sp/hard/crtbegin.o

.rodata         0x0800f828      0x258
                0x0800f828                . = ALIGN (0x8)
 *(.rodata)
 *(.rodata*)
 .rodata.main.str1.4
                0x0800f828      0x20e ./obj/main.o
 *fill*         0x0800fa36        0x2 
 .rodata.Vectors_Init.str1.4
                0x0800fa38       0x48 ./obj/gec.o
                0x0800fa80                . = ALIGN (0x8)

.ARM.extab      0x0800fa80        0x0
                0x0800fa80                . = ALIGN (0x8)
 *(.ARM.extab* .gnu.linkonce.armextab.*)
                0x0800fa80                . = ALIGN (0x8)

.ARM            0x0800fa80        0x8
                0x0800fa80                . = ALIGN (0x8)
                0x0800fa80                __exidx_start = .
 *(.ARM.exidx*)
 .ARM.exidx     0x0800fa80        0x8 d:/ahl-gec-ide(4.41)/gcc/bin/../lib/gcc/arm-none-eabi/7.2.1/thumb/v7e-m/fpv4-sp/hard\libgcc.a(_udivmoddi4.o)
                0x0800fa88                __exidx_end = .
                0x0800fa88                . = ALIGN (0x8)

.rel.dyn        0x0800fa88        0x0
 .rel.iplt      0x0800fa88        0x0 d:/ahl-gec-ide(4.41)/gcc/bin/../lib/gcc/arm-none-eabi/7.2.1/thumb/v7e-m/fpv4-sp/hard/crtbegin.o

.preinit_array  0x0800fa88        0x0
                0x0800fa88                . = ALIGN (0x8)
                0x0800fa88                PROVIDE (__preinit_array_start, .)
 *(.preinit_array*)
                0x0800fa88                PROVIDE (__preinit_array_end, .)
                0x0800fa88                . = ALIGN (0x8)

.init_array     0x0800fa88        0x8
                0x0800fa88                . = ALIGN (0x8)
                0x0800fa88                PROVIDE (__init_array_start, .)
 *(SORT_BY_NAME(.init_array.*))
 *(.init_array*)
 .init_array    0x0800fa88        0x4 d:/ahl-gec-ide(4.41)/gcc/bin/../lib/gcc/arm-none-eabi/7.2.1/thumb/v7e-m/fpv4-sp/hard/crtbegin.o
                0x0800fa8c                PROVIDE (__init_array_end, .)
                0x0800fa90                . = ALIGN (0x8)
 *fill*         0x0800fa8c        0x4 

.fini_array     0x0800fa90        0x8
                0x0800fa90                . = ALIGN (0x8)
                [!provide]                PROVIDE (__fini_array_start, .)
 *(SORT_BY_NAME(.fini_array.*))
 *(.fini_array*)
 .fini_array    0x0800fa90        0x4 d:/ahl-gec-ide(4.41)/gcc/bin/../lib/gcc/arm-none-eabi/7.2.1/thumb/v7e-m/fpv4-sp/hard/crtbegin.o
                [!provide]                PROVIDE (__fini_array_end, .)
                0x0800fa98                . = ALIGN (0x8)
 *fill*         0x0800fa94        0x4 
                0x0800fa98                _sidata = LOADADDR (.data)

.data           0x20002000       0x28 load address 0x0800fa98
                0x20002000                . = ALIGN (0x4)
                0x20002000                _sdata = .
 *(.data)
 *(.data*)
 .data.SystemCoreClock
                0x20002000        0x4 ./obj/system_stm32l4xx.o
                0x20002000                SystemCoreClock
 .data.GPIO_ARR
                0x20002004       0x18 ./obj/gpio.o
                0x20002004                GPIO_ARR
 .data.USART_ARR
                0x2000201c        0xc ./obj/uart.o
                0x2000201c                USART_ARR
                0x20002028                . = ALIGN (0x4)
                0x20002028                _edata = .

.igot.plt       0x20002028        0x0 load address 0x0800fac0
 .igot.plt      0x20002028        0x0 d:/ahl-gec-ide(4.41)/gcc/bin/../lib/gcc/arm-none-eabi/7.2.1/thumb/v7e-m/fpv4-sp/hard/crtbegin.o
                0x20002028                . = ALIGN (0x4)

.bss            0x20002028      0x830 load address 0x0800fac0
                0x20002028                _sbss = .
                0x20002028                __bss_start__ = _sbss
 *(.bss)
 .bss           0x20002028       0x1c d:/ahl-gec-ide(4.41)/gcc/bin/../lib/gcc/arm-none-eabi/7.2.1/thumb/v7e-m/fpv4-sp/hard/crtbegin.o
 *(.bss*)
 .bss.TimerCount.7396
                0x20002044        0x1 ./obj/isr.o
 *(COMMON)
 *fill*         0x20002045        0x3 
 COMMON         0x20002048      0x810 ./obj/main.o
                0x20002048                gcReccrc32
                0x2000204c                gTime
                0x20002050                component_fun
                0x20002054                gcRecvLen
                0x20002056                gcRecvDCLen
                0x20002058                gcRecvBuf
                0x20002858                . = ALIGN (0x4)
                0x20002858                _ebss = .
                0x20002858                __bss_end__ = _ebss

/DISCARD/
 libc.a(*)
 libm.a(*)
 libgcc.a(*)

.ARM.attributes
                0x00000000       0x30
 *(.ARM.attributes)
 .ARM.attributes
                0x00000000       0x22 d:/ahl-gec-ide(4.41)/gcc/bin/../lib/gcc/arm-none-eabi/7.2.1/thumb/v7e-m/fpv4-sp/hard/crti.o
 .ARM.attributes
                0x00000022       0x34 d:/ahl-gec-ide(4.41)/gcc/bin/../lib/gcc/arm-none-eabi/7.2.1/thumb/v7e-m/fpv4-sp/hard/crtbegin.o
 .ARM.attributes
                0x00000056       0x39 ./obj/timer.o
 .ARM.attributes
                0x0000008f       0x39 ./obj/system_stm32l4xx.o
 .ARM.attributes
                0x000000c8       0x39 ./obj/main.o
 .ARM.attributes
                0x00000101       0x39 ./obj/flash.o
 .ARM.attributes
                0x0000013a       0x39 ./obj/gpio.o
 .ARM.attributes
                0x00000173       0x39 ./obj/wdog.o
 .ARM.attributes
                0x000001ac       0x39 ./obj/gec.o
 .ARM.attributes
                0x000001e5       0x39 ./obj/uart.o
 .ARM.attributes
                0x0000021e       0x39 ./obj/isr.o
 .ARM.attributes
                0x00000257       0x39 ./obj/printf.o
 .ARM.attributes
                0x00000290       0x21 ./obj/startup_stm32l431rctx.o
 .ARM.attributes
                0x000002b1       0x34 d:/ahl-gec-ide(4.41)/gcc/bin/../lib/gcc/arm-none-eabi/7.2.1/../../../../arm-none-eabi/lib/thumb/v7e-m/fpv4-sp/hard\libc_nano.a(lib_a-init.o)
 .ARM.attributes
                0x000002e5       0x34 d:/ahl-gec-ide(4.41)/gcc/bin/../lib/gcc/arm-none-eabi/7.2.1/../../../../arm-none-eabi/lib/thumb/v7e-m/fpv4-sp/hard\libc_nano.a(lib_a-memcpy-stub.o)
 .ARM.attributes
                0x00000319       0x34 d:/ahl-gec-ide(4.41)/gcc/bin/../lib/gcc/arm-none-eabi/7.2.1/../../../../arm-none-eabi/lib/thumb/v7e-m/fpv4-sp/hard\libc_nano.a(lib_a-memset.o)
 .ARM.attributes
                0x0000034d       0x1b d:/ahl-gec-ide(4.41)/gcc/bin/../lib/gcc/arm-none-eabi/7.2.1/../../../../arm-none-eabi/lib/thumb/v7e-m/fpv4-sp/hard\libc_nano.a(lib_a-strlen.o)
 .ARM.attributes
                0x00000368       0x22 d:/ahl-gec-ide(4.41)/gcc/bin/../lib/gcc/arm-none-eabi/7.2.1/thumb/v7e-m/fpv4-sp/hard\libgcc.a(_arm_addsubdf3.o)
 .ARM.attributes
                0x0000038a       0x22 d:/ahl-gec-ide(4.41)/gcc/bin/../lib/gcc/arm-none-eabi/7.2.1/thumb/v7e-m/fpv4-sp/hard\libgcc.a(_arm_muldivdf3.o)
 .ARM.attributes
                0x000003ac       0x22 d:/ahl-gec-ide(4.41)/gcc/bin/../lib/gcc/arm-none-eabi/7.2.1/thumb/v7e-m/fpv4-sp/hard\libgcc.a(_arm_cmpdf2.o)
 .ARM.attributes
                0x000003ce       0x22 d:/ahl-gec-ide(4.41)/gcc/bin/../lib/gcc/arm-none-eabi/7.2.1/thumb/v7e-m/fpv4-sp/hard\libgcc.a(_arm_fixunsdfsi.o)
 .ARM.attributes
                0x000003f0       0x22 d:/ahl-gec-ide(4.41)/gcc/bin/../lib/gcc/arm-none-eabi/7.2.1/thumb/v7e-m/fpv4-sp/hard\libgcc.a(_aeabi_uldivmod.o)
 .ARM.attributes
                0x00000412       0x34 d:/ahl-gec-ide(4.41)/gcc/bin/../lib/gcc/arm-none-eabi/7.2.1/thumb/v7e-m/fpv4-sp/hard\libgcc.a(_fixunsdfdi.o)
 .ARM.attributes
                0x00000446       0x34 d:/ahl-gec-ide(4.41)/gcc/bin/../lib/gcc/arm-none-eabi/7.2.1/thumb/v7e-m/fpv4-sp/hard\libgcc.a(_udivmoddi4.o)
 .ARM.attributes
                0x0000047a       0x22 d:/ahl-gec-ide(4.41)/gcc/bin/../lib/gcc/arm-none-eabi/7.2.1/thumb/v7e-m/fpv4-sp/hard\libgcc.a(_dvmd_tls.o)
 .ARM.attributes
                0x0000049c       0x22 d:/ahl-gec-ide(4.41)/gcc/bin/../lib/gcc/arm-none-eabi/7.2.1/thumb/v7e-m/fpv4-sp/hard/crtn.o
OUTPUT(½»Í¨µÆ.elf elf32-littlearm)

.debug_info     0x00000000     0x95f9
 .debug_info    0x00000000     0x1300 ./obj/timer.o
 .debug_info    0x00001300      0x847 ./obj/system_stm32l4xx.o
 .debug_info    0x00001b47      0xdd5 ./obj/main.o
 .debug_info    0x0000291c      0xfd5 ./obj/flash.o
 .debug_info    0x000038f1     0x16fa ./obj/gpio.o
 .debug_info    0x00004feb      0x1d2 ./obj/wdog.o
 .debug_info    0x000051bd      0xf0b ./obj/gec.o
 .debug_info    0x000060c8     0x1485 ./obj/uart.o
 .debug_info    0x0000754d      0xaa8 ./obj/isr.o
 .debug_info    0x00007ff5     0x15e2 ./obj/printf.o
 .debug_info    0x000095d7       0x22 ./obj/startup_stm32l431rctx.o

.debug_abbrev   0x00000000     0x1859
 .debug_abbrev  0x00000000      0x271 ./obj/timer.o
 .debug_abbrev  0x00000271      0x18e ./obj/system_stm32l4xx.o
 .debug_abbrev  0x000003ff      0x250 ./obj/main.o
 .debug_abbrev  0x0000064f      0x2b6 ./obj/flash.o
 .debug_abbrev  0x00000905      0x38c ./obj/gpio.o
 .debug_abbrev  0x00000c91       0xf3 ./obj/wdog.o
 .debug_abbrev  0x00000d84      0x279 ./obj/gec.o
 .debug_abbrev  0x00000ffd      0x336 ./obj/uart.o
 .debug_abbrev  0x00001333      0x1ea ./obj/isr.o
 .debug_abbrev  0x0000151d      0x32a ./obj/printf.o
 .debug_abbrev  0x00001847       0x12 ./obj/startup_stm32l431rctx.o

.debug_loc      0x00000000     0x2acd
 .debug_loc     0x00000000      0x3a8 ./obj/timer.o
 .debug_loc     0x000003a8      0x246 ./obj/system_stm32l4xx.o
 .debug_loc     0x000005ee       0x54 ./obj/main.o
 .debug_loc     0x00000642      0xa2b ./obj/flash.o
 .debug_loc     0x0000106d      0x451 ./obj/gpio.o
 .debug_loc     0x000014be      0x149 ./obj/gec.o
 .debug_loc     0x00001607      0x3c2 ./obj/uart.o
 .debug_loc     0x000019c9     0x1104 ./obj/printf.o

.debug_aranges  0x00000000      0x300
 .debug_aranges
                0x00000000       0x40 ./obj/timer.o
 .debug_aranges
                0x00000040       0x30 ./obj/system_stm32l4xx.o
 .debug_aranges
                0x00000070       0x38 ./obj/main.o
 .debug_aranges
                0x000000a8       0x70 ./obj/flash.o
 .debug_aranges
                0x00000118       0x78 ./obj/gpio.o
 .debug_aranges
                0x00000190       0x30 ./obj/wdog.o
 .debug_aranges
                0x000001c0       0x28 ./obj/gec.o
 .debug_aranges
                0x000001e8       0x70 ./obj/uart.o
 .debug_aranges
                0x00000258       0x28 ./obj/isr.o
 .debug_aranges
                0x00000280       0x58 ./obj/printf.o
 .debug_aranges
                0x000002d8       0x28 ./obj/startup_stm32l431rctx.o

.debug_ranges   0x00000000      0x258
 .debug_ranges  0x00000000       0x30 ./obj/timer.o
 .debug_ranges  0x00000030       0x20 ./obj/system_stm32l4xx.o
 .debug_ranges  0x00000050       0x28 ./obj/main.o
 .debug_ranges  0x00000078       0x60 ./obj/flash.o
 .debug_ranges  0x000000d8       0x68 ./obj/gpio.o
 .debug_ranges  0x00000140       0x20 ./obj/wdog.o
 .debug_ranges  0x00000160       0x18 ./obj/gec.o
 .debug_ranges  0x00000178       0x60 ./obj/uart.o
 .debug_ranges  0x000001d8       0x18 ./obj/isr.o
 .debug_ranges  0x000001f0       0x48 ./obj/printf.o
 .debug_ranges  0x00000238       0x20 ./obj/startup_stm32l431rctx.o

.debug_macro    0x00000000     0x1a5c
 .debug_macro   0x00000000      0x1c8 ./obj/timer.o
 .debug_macro   0x000001c8       0x28 ./obj/timer.o
 .debug_macro   0x000001f0       0xec ./obj/system_stm32l4xx.o
 .debug_macro   0x000002dc       0x87 ./obj/system_stm32l4xx.o
 .debug_macro   0x00000363       0x51 ./obj/system_stm32l4xx.o
 .debug_macro   0x000003b4       0xd8 ./obj/system_stm32l4xx.o
 .debug_macro   0x0000048c      0x24b ./obj/main.o
 .debug_macro   0x000006d7       0x46 ./obj/main.o
 .debug_macro   0x0000071d      0x32a ./obj/main.o
 .debug_macro   0x00000a47       0x9a ./obj/main.o
 .debug_macro   0x00000ae1       0x70 ./obj/main.o
 .debug_macro   0x00000b51       0x3a ./obj/main.o
 .debug_macro   0x00000b8b       0x22 ./obj/main.o
 .debug_macro   0x00000bad       0x64 ./obj/main.o
 .debug_macro   0x00000c11       0x2e ./obj/main.o
 .debug_macro   0x00000c3f       0x40 ./obj/main.o
 .debug_macro   0x00000c7f      0x1ce ./obj/flash.o
 .debug_macro   0x00000e4d       0x2e ./obj/flash.o
 .debug_macro   0x00000e7b      0x1ce ./obj/gpio.o
 .debug_macro   0x00001049       0x6a ./obj/gpio.o
 .debug_macro   0x000010b3      0x10c ./obj/wdog.o
 .debug_macro   0x000011bf       0x4c ./obj/wdog.o
 .debug_macro   0x0000120b       0x1c ./obj/wdog.o
 .debug_macro   0x00001227      0x245 ./obj/gec.o
 .debug_macro   0x0000146c      0x1ce ./obj/uart.o
 .debug_macro   0x0000163a      0x245 ./obj/isr.o
 .debug_macro   0x0000187f      0x1dd ./obj/printf.o

.debug_line     0x00000000     0x3c52
 .debug_line    0x00000000      0x64b ./obj/timer.o
 .debug_line    0x0000064b      0x37a ./obj/system_stm32l4xx.o
 .debug_line    0x000009c5      0x5b0 ./obj/main.o
 .debug_line    0x00000f75      0x6fc ./obj/flash.o
 .debug_line    0x00001671      0x682 ./obj/gpio.o
 .debug_line    0x00001cf3      0x42a ./obj/wdog.o
 .debug_line    0x0000211d      0x72e ./obj/gec.o
 .debug_line    0x0000284b      0x674 ./obj/uart.o
 .debug_line    0x00002ebf      0x540 ./obj/isr.o
 .debug_line    0x000033ff      0x7d6 ./obj/printf.o
 .debug_line    0x00003bd5       0x7d ./obj/startup_stm32l431rctx.o

.debug_str      0x00000000    0x83442
 .debug_str     0x00000000    0x822d4 ./obj/timer.o
                              0x825fa (size before relaxing)
 .debug_str     0x000822d4      0x1d5 ./obj/system_stm32l4xx.o
                              0x7eaf6 (size before relaxing)
 .debug_str     0x000824a9      0x99d ./obj/main.o
                              0x828dc (size before relaxing)
 .debug_str     0x00082e46      0x13e ./obj/flash.o
                              0x821b0 (size before relaxing)
 .debug_str     0x00082f84      0x193 ./obj/gpio.o
                              0x827db (size before relaxing)
 .debug_str     0x00083117       0x3b ./obj/wdog.o
                              0x7edb1 (size before relaxing)
 .debug_str     0x00083152       0x5b ./obj/gec.o
                              0x8298a (size before relaxing)
 .debug_str     0x000831ad       0xe3 ./obj/uart.o
                              0x82679 (size before relaxing)
 .debug_str     0x00083290       0x1e ./obj/isr.o
                              0x8289e (size before relaxing)
 .debug_str     0x000832ae      0x168 ./obj/printf.o
                              0x823dc (size before relaxing)
 .debug_str     0x00083416       0x2c ./obj/startup_stm32l431rctx.o
                                 0x9f (size before relaxing)

.comment        0x00000000       0x7e
 .comment       0x00000000       0x7e ./obj/timer.o
                                 0x7f (size before relaxing)
 .comment       0x0000007e       0x7f ./obj/system_stm32l4xx.o
 .comment       0x0000007e       0x7f ./obj/main.o
 .comment       0x0000007e       0x7f ./obj/flash.o
 .comment       0x0000007e       0x7f ./obj/gpio.o
 .comment       0x0000007e       0x7f ./obj/wdog.o
 .comment       0x0000007e       0x7f ./obj/gec.o
 .comment       0x0000007e       0x7f ./obj/uart.o
 .comment       0x0000007e       0x7f ./obj/isr.o
 .comment       0x0000007e       0x7f ./obj/printf.o

.debug_frame    0x00000000      0x9d8
 .debug_frame   0x00000000       0x60 ./obj/timer.o
 .debug_frame   0x00000060       0x54 ./obj/system_stm32l4xx.o
 .debug_frame   0x000000b4       0x74 ./obj/main.o
 .debug_frame   0x00000128      0x11c ./obj/flash.o
 .debug_frame   0x00000244      0x180 ./obj/gpio.o
 .debug_frame   0x000003c4       0x40 ./obj/wdog.o
 .debug_frame   0x00000404       0x54 ./obj/gec.o
 .debug_frame   0x00000458      0x138 ./obj/uart.o
 .debug_frame   0x00000590       0x38 ./obj/isr.o
 .debug_frame   0x000005c8      0x12c ./obj/printf.o
 .debug_frame   0x000006f4       0x2c d:/ahl-gec-ide(4.41)/gcc/bin/../lib/gcc/arm-none-eabi/7.2.1/../../../../arm-none-eabi/lib/thumb/v7e-m/fpv4-sp/hard\libc_nano.a(lib_a-init.o)
 .debug_frame   0x00000720       0x28 d:/ahl-gec-ide(4.41)/gcc/bin/../lib/gcc/arm-none-eabi/7.2.1/../../../../arm-none-eabi/lib/thumb/v7e-m/fpv4-sp/hard\libc_nano.a(lib_a-memcpy-stub.o)
 .debug_frame   0x00000748       0x20 d:/ahl-gec-ide(4.41)/gcc/bin/../lib/gcc/arm-none-eabi/7.2.1/../../../../arm-none-eabi/lib/thumb/v7e-m/fpv4-sp/hard\libc_nano.a(lib_a-memset.o)
 .debug_frame   0x00000768       0xac d:/ahl-gec-ide(4.41)/gcc/bin/../lib/gcc/arm-none-eabi/7.2.1/thumb/v7e-m/fpv4-sp/hard\libgcc.a(_arm_addsubdf3.o)
 .debug_frame   0x00000814       0x50 d:/ahl-gec-ide(4.41)/gcc/bin/../lib/gcc/arm-none-eabi/7.2.1/thumb/v7e-m/fpv4-sp/hard\libgcc.a(_arm_muldivdf3.o)
 .debug_frame   0x00000864       0xc4 d:/ahl-gec-ide(4.41)/gcc/bin/../lib/gcc/arm-none-eabi/7.2.1/thumb/v7e-m/fpv4-sp/hard\libgcc.a(_arm_cmpdf2.o)
 .debug_frame   0x00000928       0x24 d:/ahl-gec-ide(4.41)/gcc/bin/../lib/gcc/arm-none-eabi/7.2.1/thumb/v7e-m/fpv4-sp/hard\libgcc.a(_arm_fixunsdfsi.o)
 .debug_frame   0x0000094c       0x2c d:/ahl-gec-ide(4.41)/gcc/bin/../lib/gcc/arm-none-eabi/7.2.1/thumb/v7e-m/fpv4-sp/hard\libgcc.a(_aeabi_uldivmod.o)
 .debug_frame   0x00000978       0x2c d:/ahl-gec-ide(4.41)/gcc/bin/../lib/gcc/arm-none-eabi/7.2.1/thumb/v7e-m/fpv4-sp/hard\libgcc.a(_fixunsdfdi.o)
 .debug_frame   0x000009a4       0x34 d:/ahl-gec-ide(4.41)/gcc/bin/../lib/gcc/arm-none-eabi/7.2.1/thumb/v7e-m/fpv4-sp/hard\libgcc.a(_udivmoddi4.o)
